ARM Linker, 5.02 [Build 28] [MDK-ARM Lite]

==============================================================================

Section Cross References

    startup_lpc17xx.o(STACK) refers (Special) to heapauxi.o(.text) for __use_two_region_memory
    startup_lpc17xx.o(HEAP) refers (Special) to heapauxi.o(.text) for __use_two_region_memory
    startup_lpc17xx.o(RESET) refers (Special) to heapauxi.o(.text) for __use_two_region_memory
    startup_lpc17xx.o(RESET) refers to startup_lpc17xx.o(STACK) for __initial_sp
    startup_lpc17xx.o(RESET) refers to startup_lpc17xx.o(.text) for Reset_Handler
    startup_lpc17xx.o(RESET) refers to hal_cm3.o(.emb_text) for SVC_Handler
    startup_lpc17xx.o(.ARM.__at_0x02FC) refers (Special) to heapauxi.o(.text) for __use_two_region_memory
    startup_lpc17xx.o(.text) refers (Special) to heapauxi.o(.text) for __use_two_region_memory
    startup_lpc17xx.o(.text) refers to __main.o(!!!main) for __main
    startup_lpc17xx.o(.text) refers to startup_lpc17xx.o(HEAP) for Heap_Mem
    startup_lpc17xx.o(.text) refers to startup_lpc17xx.o(STACK) for Stack_Mem
    system_lpc17xx.o(.text) refers to system_lpc17xx.o(.data) for SystemFrequency
    retarget.o(.text) refers (Special) to use_no_semi.o(.text) for __use_no_semihosting_swi
    retarget.o(.text) refers to uart_polling.o(.text) for uart_put_char
    retarget.o(.data) refers (Special) to use_no_semi.o(.text) for __use_no_semihosting_swi
    rtx_conf_cm.o(.text) refers to rt_task.o(i.rt_tsk_self) for rt_tsk_self
    rtx_conf_cm.o(.text) refers to rt_mutex.o(i.rt_mut_init) for rt_mut_init
    rtx_conf_cm.o(.text) refers to rtx_conf_cm.o(.bss) for .bss
    rtx_conf_cm.o(.text) refers to libspace.o(.bss) for __libspace_start
    rtx_conf_cm.o(.text) refers to rtx_conf_cm.o(.data) for .data
    rtx_conf_cm.o(.text) refers to rt_mutex.o(i.rt_mut_wait) for rt_mut_wait
    rtx_conf_cm.o(.text) refers to rt_mutex.o(i.rt_mut_release) for rt_mut_release
    helloworld.o(.text) refers to _printf_percent.o(.ARM.Collect$$_printf_percent$$00000000) for _printf_percent
    helloworld.o(.text) refers to _printf_d.o(.ARM.Collect$$_printf_percent$$00000009) for _printf_d
    helloworld.o(.text) refers to _printf_dec.o(.text) for _printf_int_dec
    helloworld.o(.text) refers to noretval__2printf.o(.text) for __2printf
    helloworld.o(.text) refers to system_lpc17xx.o(.text) for SystemInit
    helloworld.o(.text) refers to uart_polling.o(.text) for uart_init
    helloworld.o(.text) refers to hal_cm3.o(.emb_text) for os_set_env
    helloworld.o(.text) refers to rt_task_ext.o(i.rt_tsk_count_get) for rt_tsk_count_get
    helloworld.o(.text) refers to rt_time.o(i.rt_dly_wait) for rt_dly_wait
    helloworld.o(.text) refers to rt_task.o(i.rt_tsk_create) for rt_tsk_create
    helloworld.o(.text) refers to rt_task.o(i.rt_tsk_delete) for rt_tsk_delete
    helloworld.o(.text) refers to rt_task.o(i.rt_sys_init) for rt_sys_init
    rt_task.o(i.rt_block) refers to rt_list.o(i.rt_put_dly) for rt_put_dly
    rt_task.o(i.rt_block) refers to rt_list.o(i.rt_get_first) for rt_get_first
    rt_task.o(i.rt_block) refers to rt_task.o(i.rt_switch_req) for rt_switch_req
    rt_task.o(i.rt_block) refers to rt_task.o(.data) for os_tsk
    rt_task.o(i.rt_block) refers to rt_list.o(.bss) for os_rdy
    rt_task.o(i.rt_dispatch) refers to rt_list.o(i.rt_get_first) for rt_get_first
    rt_task.o(i.rt_dispatch) refers to rt_task.o(i.rt_switch_req) for rt_switch_req
    rt_task.o(i.rt_dispatch) refers to rt_list.o(i.rt_put_rdy_first) for rt_put_rdy_first
    rt_task.o(i.rt_dispatch) refers to rt_list.o(i.rt_put_prio) for rt_put_prio
    rt_task.o(i.rt_dispatch) refers to rt_list.o(.bss) for os_rdy
    rt_task.o(i.rt_dispatch) refers to rt_task.o(.data) for os_tsk
    rt_task.o(i.rt_get_TID) refers to rtx_conf_cm.o(.bss) for os_active_TCB
    rt_task.o(i.rt_get_TID) refers to rtx_conf_cm.o(.constdata) for os_maxtaskrun
    rt_task.o(i.rt_init_context) refers to rt_membox.o(i.rt_alloc_box) for rt_alloc_box
    rt_task.o(i.rt_init_context) refers to hal_cm3.o(i.rt_init_stack) for rt_init_stack
    rt_task.o(i.rt_init_context) refers to rtx_conf_cm.o(.bss) for mp_stk
    rt_task.o(i.rt_switch_req) refers to hal_cm3.o(i.dbg_task_switch) for dbg_task_switch
    rt_task.o(i.rt_switch_req) refers to rt_task.o(.data) for os_tsk
    rt_task.o(i.rt_switch_req) refers to hal_cm3.o(.data) for dbg_msg
    rt_task.o(i.rt_sys_init) refers to hal_cm3.o(i.dbg_init) for dbg_init
    rt_task.o(i.rt_sys_init) refers to rt_membox.o(i._init_box) for _init_box
    rt_task.o(i.rt_sys_init) refers to rt_task.o(i.rt_init_context) for rt_init_context
    rt_task.o(i.rt_sys_init) refers to hal_cm3.o(.emb_text) for rt_set_PSP
    rt_task.o(i.rt_sys_init) refers to rt_robin.o(i.rt_init_robin) for rt_init_robin
    rt_task.o(i.rt_sys_init) refers to rt_system.o(i.os_tick_init) for os_tick_init
    rt_task.o(i.rt_sys_init) refers to rt_task.o(i.rt_tsk_create) for rt_tsk_create
[...]
    rt_mutex.o(i.rt_mut_release) refers to rt_task.o(i.rt_dispatch) for rt_dispatch
    rt_mutex.o(i.rt_mut_release) refers to rt_list.o(i.rt_put_prio) for rt_put_prio
    rt_mutex.o(i.rt_mut_release) refers to rt_task.o(.data) for os_tsk
    rt_mutex.o(i.rt_mut_release) refers to rt_list.o(.bss) for os_rdy
    rt_mutex.o(i.rt_mut_wait) refers to rt_list.o(i.rt_resort_prio) for rt_resort_prio
    rt_mutex.o(i.rt_mut_wait) refers to rt_list.o(i.rt_put_prio) for rt_put_prio
    rt_mutex.o(i.rt_mut_wait) refers to rt_task.o(i.rt_block) for rt_block
    rt_mutex.o(i.rt_mut_wait) refers to rt_task.o(.data) for os_tsk
    rt_task_ext.o(i.rt_tsk_count_get) refers to rtx_conf_cm.o(.bss) for os_active_TCB
    rt_task_ext.o(i.rt_tsk_count_get) refers to rtx_conf_cm.o(.constdata) for os_maxtaskrun
    hal_cm3.o(.emb_text) refers to rtx_conf_cm.o(.constdata) for os_flags
    hal_cm3.o(.emb_text) refers to rt_membox.o(i.rt_alloc_box) for rt_alloc_box
    hal_cm3.o(.emb_text) refers to rt_membox.o(i.rt_free_box) for rt_free_box
    hal_cm3.o(.emb_text) refers to rt_system.o(i.rt_stk_check) for rt_stk_check
    hal_cm3.o(.emb_text) refers to rt_task.o(.data) for os_tsk
    hal_cm3.o(.emb_text) refers to SVC_Table.o(SVC_TABLE) for SVC_Count
    hal_cm3.o(.emb_text) refers to rt_system.o(i.rt_pop_req) for rt_pop_req
    hal_cm3.o(.emb_text) refers to rt_system.o(i.rt_systick) for rt_systick
    hal_cm3.o(.emb_text) refers to rt_system.o(i.os_tick_irqack) for os_tick_irqack
    hal_cm3.o(i.dbg_init) refers to hal_cm3.o(.data) for dbg_msg
    hal_cm3.o(i.rt_init_stack) refers to rtx_conf_cm.o(.constdata) for os_stackinfo
    rt_system.o(i.os_tick_init) refers to rtx_conf_cm.o(.constdata) for os_trv
    rt_system.o(i.rt_pop_req) refers to rt_list.o(i.rt_put_rdy_first) for rt_put_rdy_first
    rt_system.o(i.rt_pop_req) refers to rt_event.o(i.rt_evt_psh) for rt_evt_psh
    rt_system.o(i.rt_pop_req) refers to rt_mailbox.o(i.rt_mbx_psh) for rt_mbx_psh
    rt_system.o(i.rt_pop_req) refers to rt_semaphore.o(i.rt_sem_psh) for rt_sem_psh
    rt_system.o(i.rt_pop_req) refers to rt_list.o(i.rt_get_first) for rt_get_first
    rt_system.o(i.rt_pop_req) refers to rt_task.o(i.rt_switch_req) for rt_switch_req
    rt_system.o(i.rt_pop_req) refers to rt_task.o(.data) for os_tsk
    rt_system.o(i.rt_pop_req) refers to rtx_conf_cm.o(.bss) for os_fifo
    rt_system.o(i.rt_pop_req) refers to rt_list.o(.bss) for os_rdy
    rt_system.o(i.rt_psh_req) refers to rt_system.o(.data) for os_lock
    rt_system.o(i.rt_resume) refers to rt_list.o(i.rt_put_rdy_first) for rt_put_rdy_first
    rt_system.o(i.rt_resume) refers to rt_list.o(i.rt_dec_dly) for rt_dec_dly
    rt_system.o(i.rt_resume) refers to rt_timer.o(i.rt_tmr_tick) for rt_tmr_tick
    rt_system.o(i.rt_resume) refers to rt_list.o(i.rt_get_first) for rt_get_first
    rt_system.o(i.rt_resume) refers to rt_task.o(i.rt_switch_req) for rt_switch_req
    rt_system.o(i.rt_resume) refers to rt_system.o(i.rt_tsk_unlock) for rt_tsk_unlock
    rt_system.o(i.rt_resume) refers to rt_task.o(.data) for os_tsk
    rt_system.o(i.rt_resume) refers to rt_robin.o(.data) for os_robin
    rt_system.o(i.rt_resume) refers to rt_list.o(.bss) for os_dly
    rt_system.o(i.rt_resume) refers to rt_time.o(.data) for os_time
    rt_system.o(i.rt_resume) refers to rt_timer.o(.data) for os_tmr
    rt_system.o(i.rt_stk_check) refers to rtx_conf_cm.o(.text) for os_error
    rt_system.o(i.rt_stk_check) refers to rt_task.o(.data) for os_tsk
    rt_system.o(i.rt_suspend) refers to rt_system.o(i.rt_tsk_lock) for rt_tsk_lock
    rt_system.o(i.rt_suspend) refers to rt_list.o(.bss) for os_dly
    rt_system.o(i.rt_suspend) refers to rt_timer.o(.data) for os_tmr
    rt_system.o(i.rt_systick) refers to rt_list.o(i.rt_put_rdy_first) for rt_put_rdy_first
    rt_system.o(i.rt_systick) refers to rt_robin.o(i.rt_chk_robin) for rt_chk_robin
    rt_system.o(i.rt_systick) refers to rt_list.o(i.rt_dec_dly) for rt_dec_dly
    rt_system.o(i.rt_systick) refers to rt_timer.o(i.rt_tmr_tick) for rt_tmr_tick
    rt_system.o(i.rt_systick) refers to rt_list.o(i.rt_get_first) for rt_get_first
    rt_system.o(i.rt_systick) refers to rt_task.o(i.rt_switch_req) for rt_switch_req
    rt_system.o(i.rt_systick) refers to rt_task.o(.data) for os_tsk
    rt_system.o(i.rt_systick) refers to rt_time.o(.data) for os_time
    rt_system.o(i.rt_systick) refers to rt_list.o(.bss) for os_rdy
    rt_system.o(i.rt_tsk_lock) refers to rt_system.o(.data) for os_tick_irqn
    rt_system.o(i.rt_tsk_unlock) refers to rt_system.o(.data) for os_tick_irqn
    rt_list.o(i.rt_dec_dly) refers to rt_list.o(i.rt_put_prio) for rt_put_prio
    rt_list.o(i.rt_dec_dly) refers to rt_list.o(.bss) for os_dly
    rt_list.o(i.rt_dec_dly) refers to rt_time.o(.data) for os_time
    rt_list.o(i.rt_get_same_rdy_prio) refers to rt_list.o(.bss) for os_rdy
    rt_list.o(i.rt_get_same_rdy_prio) refers to rt_task.o(.data) for os_tsk
    rt_list.o(i.rt_psq_enq) refers to rtx_conf_cm.o(.text) for os_error
    rt_list.o(i.rt_psq_enq) refers to rtx_conf_cm.o(.bss) for os_fifo
    rt_list.o(i.rt_put_dly) refers to rt_list.o(.bss) for os_dly
    rt_list.o(i.rt_put_rdy_first) refers to rt_list.o(.bss) for os_rdy
    rt_list.o(i.rt_resort_prio) refers to rt_list.o(i.rt_rmv_list) for rt_rmv_list
    rt_list.o(i.rt_resort_prio) refers to rt_list.o(i.rt_put_prio) for rt_put_prio
    rt_list.o(i.rt_resort_prio) refers to rt_list.o(.bss) for os_rdy
    rt_list.o(i.rt_rmv_list) refers to rt_list.o(.bss) for os_rdy
    rt_robin.o(i.rt_chk_robin) refers to rt_list.o(i.rt_get_first) for rt_get_first
    rt_robin.o(i.rt_chk_robin) refers to rt_list.o(i.rt_put_prio) for rt_put_prio
    rt_robin.o(i.rt_chk_robin) refers to rt_robin.o(.data) for os_robin
    rt_robin.o(i.rt_chk_robin) refers to rt_list.o(.bss) for os_rdy
    rt_robin.o(i.rt_chk_robin) refers to rt_time.o(.data) for os_time
    rt_robin.o(i.rt_init_robin) refers to rt_robin.o(.data) for os_robin
    rt_robin.o(i.rt_init_robin) refers to rtx_conf_cm.o(.constdata) for os_rrobin
    rt_membox.o(i._calloc_box) refers to hal_cm3.o(.emb_text) for _alloc_box
    rt_event.o(i.isr_evt_set) refers to rt_list.o(i.rt_psq_enq) for rt_psq_enq
    rt_event.o(i.isr_evt_set) refers to rt_system.o(i.rt_psh_req) for rt_psh_req
    rt_event.o(i.isr_evt_set) refers to rtx_conf_cm.o(.bss) for os_active_TCB
    rt_event.o(i.rt_evt_clr) refers to rtx_conf_cm.o(.bss) for os_active_TCB
    rt_event.o(i.rt_evt_get) refers to rt_task.o(.data) for os_tsk
    rt_event.o(i.rt_evt_psh) refers to rt_list.o(i.rt_rmv_dly) for rt_rmv_dly
    rt_event.o(i.rt_evt_psh) refers to rt_list.o(i.rt_put_prio) for rt_put_prio
    rt_event.o(i.rt_evt_psh) refers to rt_list.o(.bss) for os_rdy
    rt_event.o(i.rt_evt_set) refers to rt_list.o(i.rt_rmv_dly) for rt_rmv_dly
    rt_event.o(i.rt_evt_set) refers to rt_task.o(i.rt_dispatch) for rt_dispatch
    rt_event.o(i.rt_evt_set) refers to rtx_conf_cm.o(.bss) for os_active_TCB
    rt_event.o(i.rt_evt_wait) refers to rt_task.o(i.rt_block) for rt_block
    rt_event.o(i.rt_evt_wait) refers to rt_task.o(.data) for os_tsk
    rt_mailbox.o(i.isr_mbx_receive) refers to rt_list.o(i.rt_psq_enq) for rt_psq_enq
    rt_mailbox.o(i.isr_mbx_receive) refers to rt_system.o(i.rt_psh_req) for rt_psh_req
    rt_mailbox.o(i.isr_mbx_send) refers to rt_list.o(i.rt_psq_enq) for rt_psq_enq
    rt_mailbox.o(i.isr_mbx_send) refers to rt_system.o(i.rt_psh_req) for rt_psh_req
    rt_mailbox.o(i.rt_mbx_psh) refers to rt_list.o(i.rt_get_first) for rt_get_first
    rt_mailbox.o(i.rt_mbx_psh) refers to rt_list.o(i.rt_rmv_dly) for rt_rmv_dly
    rt_mailbox.o(i.rt_mbx_psh) refers to rt_list.o(i.rt_put_prio) for rt_put_prio
    rt_mailbox.o(i.rt_mbx_psh) refers to rtx_conf_cm.o(.text) for os_error
    rt_mailbox.o(i.rt_mbx_psh) refers to rt_list.o(.bss) for os_rdy
    rt_mailbox.o(i.rt_mbx_send) refers to rt_list.o(i.rt_get_first) for rt_get_first
    rt_mailbox.o(i.rt_mbx_send) refers to rt_list.o(i.rt_rmv_dly) for rt_rmv_dly
    rt_mailbox.o(i.rt_mbx_send) refers to rt_task.o(i.rt_dispatch) for rt_dispatch
    rt_mailbox.o(i.rt_mbx_send) refers to rt_list.o(i.rt_put_prio) for rt_put_prio
    rt_mailbox.o(i.rt_mbx_send) refers to rt_task.o(i.rt_block) for rt_block
    rt_mailbox.o(i.rt_mbx_send) refers to rt_task.o(.data) for os_tsk
    rt_mailbox.o(i.rt_mbx_wait) refers to rt_list.o(i.rt_get_first) for rt_get_first
    rt_mailbox.o(i.rt_mbx_wait) refers to rt_list.o(i.rt_rmv_dly) for rt_rmv_dly
    rt_mailbox.o(i.rt_mbx_wait) refers to rt_task.o(i.rt_dispatch) for rt_dispatch
    rt_mailbox.o(i.rt_mbx_wait) refers to rt_list.o(i.rt_put_prio) for rt_put_prio
    rt_mailbox.o(i.rt_mbx_wait) refers to rt_task.o(i.rt_block) for rt_block
    rt_mailbox.o(i.rt_mbx_wait) refers to rt_task.o(.data) for os_tsk
    rt_semaphore.o(i.isr_sem_send) refers to rt_list.o(i.rt_psq_enq) for rt_psq_enq
    rt_semaphore.o(i.isr_sem_send) refers to rt_system.o(i.rt_psh_req) for rt_psh_req
    rt_semaphore.o(i.rt_sem_psh) refers to rt_list.o(i.rt_get_first) for rt_get_first
    rt_semaphore.o(i.rt_sem_psh) refers to rt_list.o(i.rt_rmv_dly) for rt_rmv_dly
    rt_semaphore.o(i.rt_sem_psh) refers to rt_list.o(i.rt_put_prio) for rt_put_prio
    rt_semaphore.o(i.rt_sem_psh) refers to rt_list.o(.bss) for os_rdy
    rt_semaphore.o(i.rt_sem_send) refers to rt_list.o(i.rt_get_first) for rt_get_first
    rt_semaphore.o(i.rt_sem_send) refers to rt_list.o(i.rt_rmv_dly) for rt_rmv_dly
    rt_semaphore.o(i.rt_sem_send) refers to rt_task.o(i.rt_dispatch) for rt_dispatch
    rt_semaphore.o(i.rt_sem_send) refers to rt_task.o(.data) for os_tsk
    rt_semaphore.o(i.rt_sem_wait) refers to rt_list.o(i.rt_put_prio) for rt_put_prio
    rt_semaphore.o(i.rt_sem_wait) refers to rt_task.o(i.rt_block) for rt_block
    rt_semaphore.o(i.rt_sem_wait) refers to rt_task.o(.data) for os_tsk
    rt_timer.o(i.rt_tmr_create) refers to rt_membox.o(i.rt_alloc_box) for rt_alloc_box
    rt_timer.o(i.rt_tmr_create) refers to rtx_conf_cm.o(.data) for m_tmr
    rt_timer.o(i.rt_tmr_create) refers to rt_timer.o(.data) for os_tmr
    rt_timer.o(i.rt_tmr_kill) refers to rt_membox.o(i.rt_free_box) for rt_free_box
    rt_timer.o(i.rt_tmr_kill) refers to rt_timer.o(.data) for os_tmr
    rt_timer.o(i.rt_tmr_kill) refers to rtx_conf_cm.o(.data) for m_tmr
    rt_timer.o(i.rt_tmr_tick) refers to rtx_conf_cm.o(.text) for os_tmr_call
    rt_timer.o(i.rt_tmr_tick) refers to rt_membox.o(i.rt_free_box) for rt_free_box
    rt_timer.o(i.rt_tmr_tick) refers to rt_timer.o(.data) for os_tmr
    rt_timer.o(i.rt_tmr_tick) refers to rtx_conf_cm.o(.data) for m_tmr
    libspace.o(.text) refers to libspace.o(.bss) for __libspace_start
    __2printf.o(.text) refers to _printf_char_file.o(.text) for _printf_char_file
    __2printf.o(.text) refers to retarget.o(.data) for __stdout
    noretval__2printf.o(.text) refers to _printf_char_file.o(.text) for _printf_char_file
    noretval__2printf.o(.text) refers to retarget.o(.data) for __stdout
    __printf.o(.text) refers to _printf_percent.o(.ARM.Collect$$_printf_percent$$00000000) for _printf_percent
    _printf_dec.o(.text) refers to _printf_intcommon.o(.text) for _printf_int_common
    __printf_flags.o(.text) refers to _printf_percent.o(.ARM.Collect$$_printf_percent$$00000000) for _printf_percent
    __printf_flags.o(.text) refers to __printf_flags.o(.constdata) for .constdata
    __printf_ss.o(.text) refers to _printf_percent.o(.ARM.Collect$$_printf_percent$$00000000) for _printf_percent
    __printf_flags_ss.o(.text) refers to _printf_percent.o(.ARM.Collect$$_printf_percent$$00000000) for _printf_percent
    __printf_flags_ss.o(.text) refers to __printf_flags_ss.o(.constdata) for .constdata
    __printf_wp.o(.text) refers to __printf_wp.o(i._is_digit) for _is_digit
    __printf_wp.o(.text) refers to _printf_percent.o(.ARM.Collect$$_printf_percent$$00000000) for _printf_percent
    __printf_flags_wp.o(.text) refers to __printf_wp.o(i._is_digit) for _is_digit
    __printf_flags_wp.o(.text) refers to _printf_percent.o(.ARM.Collect$$_printf_percent$$00000000) for _printf_percent
    __printf_flags_wp.o(.text) refers to __printf_flags_wp.o(.constdata) for .constdata
    __printf_ss_wp.o(.text) refers to __printf_wp.o(i._is_digit) for _is_digit
    __printf_ss_wp.o(.text) refers to _printf_percent.o(.ARM.Collect$$_printf_percent$$00000000) for _printf_percent
    __printf_flags_ss_wp.o(.text) refers to __printf_wp.o(i._is_digit) for _is_digit
    __printf_flags_ss_wp.o(.text) refers to _printf_percent.o(.ARM.Collect$$_printf_percent$$00000000) for _printf_percent
    __printf_flags_ss_wp.o(.text) refers to __printf_flags_ss_wp.o(.constdata) for .constdata
    _printf_d.o(.ARM.Collect$$_printf_percent$$00000009) refers (Weak) to _printf_dec.o(.text) for _printf_int_dec
    _printf_percent.o(.ARM.Collect$$_printf_percent$$00000000) refers (Special) to _printf_percent_end.o(.ARM.Collect$$_printf_percent$$00000017) for _printf_percent_end
    __main.o(!!!main) refers to rtentry.o(.ARM.Collect$$rtentry$$00000000) for __rt_entry
    rtentry.o(.ARM.Collect$$rtentry$$00000000) refers (Special) to rtentry2.o(.ARM.Collect$$rtentry$$0000000A) for __rt_entry_li
    rtentry.o(.ARM.Collect$$rtentry$$00000000) refers (Special) to rtentry2.o(.ARM.Collect$$rtentry$$0000000D) for __rt_entry_main
    rtentry.o(.ARM.Collect$$rtentry$$00000000) refers (Special) to rtentry2.o(.ARM.Collect$$rtentry$$0000000C) for __rt_entry_postli_1
    rtentry.o(.ARM.Collect$$rtentry$$00000000) refers (Special) to rtentry2.o(.ARM.Collect$$rtentry$$00000009) for __rt_entry_postsh_1
    rtentry.o(.ARM.Collect$$rtentry$$00000000) refers (Special) to rtentry2.o(.ARM.Collect$$rtentry$$00000002) for __rt_entry_presh_1
    rtentry.o(.ARM.Collect$$rtentry$$00000000) refers (Special) to rtentry4.o(.ARM.Collect$$rtentry$$00000004) for __rt_entry_sh
    _printf_char_file.o(.text) refers to _printf_char_common.o(.text) for _printf_char_common
    _printf_char_file.o(.text) refers to retarget.o(.text) for ferror
    rtentry2.o(.ARM.Collect$$rtentry$$00000008) refers to boardinit2.o(.text) for _platform_post_stackheap_init
    rtentry2.o(.ARM.Collect$$rtentry$$0000000A) refers to libinit.o(.ARM.Collect$$libinit$$00000000) for __rt_lib_init
    rtentry2.o(.ARM.Collect$$rtentry$$0000000B) refers to boardinit3.o(.text) for _platform_post_lib_init
    rtentry2.o(.ARM.Collect$$rtentry$$0000000D) refers to helloworld.o(.text) for main
    rtentry2.o(.ARM.Collect$$rtentry$$0000000D) refers to exit.o(.text) for exit
    rtentry2.o(.ARM.exidx) refers to rtentry2.o(.ARM.Collect$$rtentry$$00000001) for .ARM.Collect$$rtentry$$00000001
    rtentry2.o(.ARM.exidx) refers to rtentry2.o(.ARM.Collect$$rtentry$$00000008) for .ARM.Collect$$rtentry$$00000008
    rtentry2.o(.ARM.exidx) refers to rtentry2.o(.ARM.Collect$$rtentry$$0000000A) for .ARM.Collect$$rtentry$$0000000A
    rtentry2.o(.ARM.exidx) refers to rtentry2.o(.ARM.Collect$$rtentry$$0000000B) for .ARM.Collect$$rtentry$$0000000B
    rtentry2.o(.ARM.exidx) refers to rtentry2.o(.ARM.Collect$$rtentry$$0000000D) for .ARM.Collect$$rtentry$$0000000D
    rtentry4.o(.ARM.Collect$$rtentry$$00000004) refers to sys_stackheap_outer.o(.text) for __user_setup_stackheap
    rtentry4.o(.ARM.exidx) refers to rtentry4.o(.ARM.Collect$$rtentry$$00000004) for .ARM.Collect$$rtentry$$00000004
    _printf_char_common.o(.text) refers to __printf.o(.text) for __printf
    sys_stackheap_outer.o(.text) refers to libspace.o(.text) for __user_perproc_libspace
    sys_stackheap_outer.o(.text) refers to startup_lpc17xx.o(.text) for __user_initial_stackheap
    exit.o(.text) refers to rtexit.o(.ARM.Collect$$rtexit$$00000000) for __rt_exit
    libinit.o(.ARM.Collect$$libinit$$00000000) refers (Special) to libinit2.o(.ARM.Collect$$libinit$$0000002C) for __rt_lib_init_alloca_1
    libinit.o(.ARM.Collect$$libinit$$00000000) refers (Special) to libinit2.o(.ARM.Collect$$libinit$$0000002A) for __rt_lib_init_argv_1
    libinit.o(.ARM.Collect$$libinit$$00000000) refers (Special) to libinit2.o(.ARM.Collect$$libinit$$00000019) for __rt_lib_init_atexit_1
    libinit.o(.ARM.Collect$$libinit$$00000000) refers (Special) to libinit2.o(.ARM.Collect$$libinit$$0000001F) for __rt_lib_init_clock_1
    libinit.o(.ARM.Collect$$libinit$$00000000) refers (Special) to libinit2.o(.ARM.Collect$$libinit$$00000030) for __rt_lib_init_cpp_1
    libinit.o(.ARM.Collect$$libinit$$00000000) refers (Special) to libinit2.o(.ARM.Collect$$libinit$$0000002E) for __rt_lib_init_exceptions_1
    libinit.o(.ARM.Collect$$libinit$$00000000) refers (Special) to libinit2.o(.ARM.Collect$$libinit$$00000002) for __rt_lib_init_fp_1
    libinit.o(.ARM.Collect$$libinit$$00000000) refers (Special) to libinit2.o(.ARM.Collect$$libinit$$0000001D) for __rt_lib_init_fp_trap_1
    libinit.o(.ARM.Collect$$libinit$$00000000) refers (Special) to libinit2.o(.ARM.Collect$$libinit$$00000021) for __rt_lib_init_getenv_1
    libinit.o(.ARM.Collect$$libinit$$00000000) refers (Special) to libinit2.o(.ARM.Collect$$libinit$$00000008) for __rt_lib_init_heap_1
    libinit.o(.ARM.Collect$$libinit$$00000000) refers (Special) to libinit2.o(.ARM.Collect$$libinit$$0000000F) for __rt_lib_init_lc_collate_1
    libinit.o(.ARM.Collect$$libinit$$00000000) refers (Special) to libinit2.o(.ARM.Collect$$libinit$$00000011) for __rt_lib_init_lc_ctype_1
    libinit.o(.ARM.Collect$$libinit$$00000000) refers (Special) to libinit2.o(.ARM.Collect$$libinit$$00000013) for __rt_lib_init_lc_monetary_1
    libinit.o(.ARM.Collect$$libinit$$00000000) refers (Special) to libinit2.o(.ARM.Collect$$libinit$$00000015) for __rt_lib_init_lc_numeric_1
    libinit.o(.ARM.Collect$$libinit$$00000000) refers (Special) to libinit2.o(.ARM.Collect$$libinit$$00000017) for __rt_lib_init_lc_time_1
    libinit.o(.ARM.Collect$$libinit$$00000000) refers (Special) to libinit2.o(.ARM.Collect$$libinit$$0000000C) for __rt_lib_init_rand_1
    libinit.o(.ARM.Collect$$libinit$$00000000) refers (Special) to libinit2.o(.ARM.Collect$$libinit$$00000031) for __rt_lib_init_return
    libinit.o(.ARM.Collect$$libinit$$00000000) refers (Special) to libinit2.o(.ARM.Collect$$libinit$$0000001B) for __rt_lib_init_signal_1
    libinit.o(.ARM.Collect$$libinit$$00000000) refers (Special) to libinit2.o(.ARM.Collect$$libinit$$00000023) for __rt_lib_init_stdio_1
    libinit.o(.ARM.Collect$$libinit$$00000000) refers (Special) to libinit2.o(.ARM.Collect$$libinit$$0000000A) for __rt_lib_init_user_alloc_1
    rtexit.o(.ARM.Collect$$rtexit$$00000000) refers (Special) to rtexit2.o(.ARM.Collect$$rtexit$$00000004) for __rt_exit_exit
    rtexit.o(.ARM.Collect$$rtexit$$00000000) refers (Special) to rtexit2.o(.ARM.Collect$$rtexit$$00000003) for __rt_exit_ls
    rtexit.o(.ARM.Collect$$rtexit$$00000000) refers (Special) to rtexit2.o(.ARM.Collect$$rtexit$$00000002) for __rt_exit_prels_1
    rtexit.o(.ARM.exidx) refers (Special) to rtexit2.o(.ARM.Collect$$rtexit$$00000004) for __rt_exit_exit
    rtexit.o(.ARM.exidx) refers (Special) to rtexit2.o(.ARM.Collect$$rtexit$$00000003) for __rt_exit_ls
    rtexit.o(.ARM.exidx) refers (Special) to rtexit2.o(.ARM.Collect$$rtexit$$00000002) for __rt_exit_prels_1
    rtexit.o(.ARM.exidx) refers to rtexit.o(.ARM.Collect$$rtexit$$00000000) for .ARM.Collect$$rtexit$$00000000
    libinit2.o(.ARM.Collect$$libinit$$0000000E) refers to libinit2.o(.ARM.Collect$$libinit$$0000000D) for .ARM.Collect$$libinit$$0000000D
    libinit2.o(.ARM.Collect$$libinit$$00000010) refers to libinit2.o(.ARM.Collect$$libinit$$0000000D) for .ARM.Collect$$libinit$$0000000D
    libinit2.o(.ARM.Collect$$libinit$$00000012) refers to libinit2.o(.ARM.Collect$$libinit$$0000000D) for .ARM.Collect$$libinit$$0000000D
    libinit2.o(.ARM.Collect$$libinit$$00000014) refers to libinit2.o(.ARM.Collect$$libinit$$0000000D) for .ARM.Collect$$libinit$$0000000D
    libinit2.o(.ARM.Collect$$libinit$$00000016) refers to libinit2.o(.ARM.Collect$$libinit$$0000000D) for .ARM.Collect$$libinit$$0000000D
    libinit2.o(.ARM.Collect$$libinit$$00000024) refers to argv_veneer.o(.emb_text) for __ARM_argv_veneer
    libinit2.o(.ARM.Collect$$libinit$$00000025) refers to argv_veneer.o(.emb_text) for __ARM_argv_veneer
    rtexit2.o(.ARM.Collect$$rtexit$$00000003) refers to libshutdown.o(.ARM.Collect$$libshutdown$$00000000) for __rt_lib_shutdown
    rtexit2.o(.ARM.Collect$$rtexit$$00000004) refers to retarget.o(.text) for _sys_exit
    rtexit2.o(.ARM.exidx) refers to rtexit2.o(.ARM.Collect$$rtexit$$00000001) for .ARM.Collect$$rtexit$$00000001
    rtexit2.o(.ARM.exidx) refers to rtexit2.o(.ARM.Collect$$rtexit$$00000003) for .ARM.Collect$$rtexit$$00000003
    rtexit2.o(.ARM.exidx) refers to rtexit2.o(.ARM.Collect$$rtexit$$00000004) for .ARM.Collect$$rtexit$$00000004
    argv_veneer.o(.emb_text) refers to no_argv.o(.text) for __ARM_get_argv
    _get_argv_nomalloc.o(.text) refers (Special) to hrguard.o(.text) for __heap_region$guard
    _get_argv_nomalloc.o(.text) refers to defsig_rtmem_outer.o(.text) for __rt_SIGRTMEM
    _get_argv_nomalloc.o(.text) refers to sys_command.o(.text) for _sys_command_string
    libshutdown.o(.ARM.Collect$$libshutdown$$00000000) refers (Special) to libshutdown2.o(.ARM.Collect$$libshutdown$$00000006) for __rt_lib_shutdown_fp_trap_1
    libshutdown.o(.ARM.Collect$$libshutdown$$00000000) refers (Special) to libshutdown2.o(.ARM.Collect$$libshutdown$$0000000E) for __rt_lib_shutdown_heap_1
    libshutdown.o(.ARM.Collect$$libshutdown$$00000000) refers (Special) to libshutdown2.o(.ARM.Collect$$libshutdown$$0000000F) for __rt_lib_shutdown_return
    libshutdown.o(.ARM.Collect$$libshutdown$$00000000) refers (Special) to libshutdown2.o(.ARM.Collect$$libshutdown$$00000009) for __rt_lib_shutdown_signal_1
    libshutdown.o(.ARM.Collect$$libshutdown$$00000000) refers (Special) to libshutdown2.o(.ARM.Collect$$libshutdown$$00000003) for __rt_lib_shutdown_stdio_1
    libshutdown.o(.ARM.Collect$$libshutdown$$00000000) refers (Special) to libshutdown2.o(.ARM.Collect$$libshutdown$$0000000B) for __rt_lib_shutdown_user_alloc_1
    sys_command.o(.text) refers (Special) to use_no_semi.o(.text) for __I$use$semihosting
    sys_command.o(.text) refers (Special) to indicate_semi.o(.text) for __semihosting_library_function
    defsig_rtmem_outer.o(.text) refers to defsig_rtmem_inner.o(.text) for __rt_SIGRTMEM_inner
    defsig_rtmem_outer.o(.text) refers to defsig_exit.o(.text) for __sig_exit
    defsig_rtmem_formal.o(.text) refers to rt_raise.o(.text) for __rt_raise
    rt_raise.o(.text) refers to __raise.o(.text) for __raise
    rt_raise.o(.text) refers to retarget.o(.text) for _sys_exit
    defsig_exit.o(.text) refers to retarget.o(.text) for _sys_exit
    defsig_rtmem_inner.o(.text) refers to defsig_general.o(.text) for __default_signal_display
    __raise.o(.text) refers to defsig.o(CL$$defsig) for __default_signal_handler
    defsig_general.o(.text) refers to retarget.o(.text) for _ttywrch
    defsig.o(CL$$defsig) refers to defsig_rtmem_inner.o(.text) for __rt_SIGRTMEM_inner
    defsig_abrt_inner.o(.text) refers to defsig_general.o(.text) for __default_signal_display
    defsig_fpe_inner.o(.text) refers to defsig_general.o(.text) for __default_signal_display
    defsig_rtred_inner.o(.text) refers to defsig_general.o(.text) for __default_signal_display
    defsig_stak_inner.o(.text) refers to defsig_general.o(.text) for __default_signal_display
    defsig_pvfn_inner.o(.text) refers to defsig_general.o(.text) for __default_signal_display
    defsig_cppl_inner.o(.text) refers to defsig_general.o(.text) for __default_signal_display
    defsig_segv_inner.o(.text) refers to defsig_general.o(.text) for __default_signal_display
    defsig_other.o(.text) refers to defsig_general.o(.text) for __default_signal_display


==============================================================================

Removing Unused input sections from the image.

    Removing system_lpc17xx.o(.rev16_text), (4 bytes).
    Removing system_lpc17xx.o(.revsh_text), (4 bytes).
    Removing uart_polling.o(.rev16_text), (4 bytes).
    Removing uart_polling.o(.revsh_text), (4 bytes).
    Removing helloworld.o(.rev16_text), (4 bytes).
    Removing helloworld.o(.revsh_text), (4 bytes).
    Removing rt_task.o(i.rt_tsk_pass), (44 bytes).
    Removing rt_task.o(i.rt_tsk_prio), (160 bytes).
    Removing rt_time.o(i.rt_itv_set), (28 bytes).
    Removing rt_time.o(i.rt_itv_wait), (60 bytes).
    Removing rt_time.o(i.rt_time_get), (12 bytes).
    Removing rt_system.o(.emb_text), (0 bytes).
    Removing rt_system.o(i.rt_psh_req), (36 bytes).
    Removing rt_system.o(i.rt_resume), (236 bytes).
    Removing rt_system.o(i.rt_suspend), (52 bytes).
    Removing rt_system.o(i.rt_tsk_lock), (116 bytes).
    Removing rt_system.o(i.rt_tsk_unlock), (128 bytes).
    Removing rt_list.o(i.rt_get_same_rdy_prio), (44 bytes).
    Removing rt_list.o(i.rt_psq_enq), (116 bytes).
    Removing rt_membox.o(i._calloc_box), (40 bytes).
    Removing rt_event.o(i.isr_evt_set), (40 bytes).
    Removing rt_event.o(i.rt_evt_clr), (32 bytes).
    Removing rt_event.o(i.rt_evt_get), (12 bytes).
    Removing rt_event.o(i.rt_evt_set), (108 bytes).
    Removing rt_event.o(i.rt_evt_wait), (116 bytes).
    Removing rt_mailbox.o(i.isr_mbx_receive), (96 bytes).
    Removing rt_mailbox.o(i.isr_mbx_send), (22 bytes).
    Removing rt_mailbox.o(i.rt_mbx_check), (12 bytes).
    Removing rt_mailbox.o(i.rt_mbx_init), (32 bytes).
    Removing rt_mailbox.o(i.rt_mbx_send), (200 bytes).
    Removing rt_mailbox.o(i.rt_mbx_wait), (220 bytes).
    Removing rt_semaphore.o(i.isr_sem_send), (20 bytes).
    Removing rt_semaphore.o(i.rt_sem_init), (16 bytes).
    Removing rt_semaphore.o(i.rt_sem_send), (64 bytes).
    Removing rt_semaphore.o(i.rt_sem_wait), (80 bytes).
    Removing rt_timer.o(i.rt_tmr_create), (100 bytes).
    Removing rt_timer.o(i.rt_tmr_kill), (60 bytes).

37 unused section(s) (total 2326 bytes) removed from the image.

==============================================================================

Image Symbol Table

    Local Symbols

    Symbol Name                              Value     Ov Type        Size  Object(Section)

    ../clib/angel/boardlib.s                 0x00000000   Number         0  boardinit1.o ABSOLUTE
    ../clib/angel/boardlib.s                 0x00000000   Number         0  boardinit2.o ABSOLUTE
    ../clib/angel/boardlib.s                 0x00000000   Number         0  boardinit3.o ABSOLUTE
    ../clib/angel/boardlib.s                 0x00000000   Number         0  boardshut.o ABSOLUTE
    ../clib/angel/handlers.s                 0x00000000   Number         0  __scatter_zi.o ABSOLUTE
    ../clib/angel/handlers.s                 0x00000000   Number         0  __scatter_copy.o ABSOLUTE
    ../clib/angel/kernel.s                   0x00000000   Number         0  rtentry.o ABSOLUTE
    ../clib/angel/kernel.s                   0x00000000   Number         0  rtentry2.o ABSOLUTE
    ../clib/angel/kernel.s                   0x00000000   Number         0  rtexit.o ABSOLUTE
    ../clib/angel/kernel.s                   0x00000000   Number         0  rtentry4.o ABSOLUTE
    ../clib/angel/kernel.s                   0x00000000   Number         0  rtexit2.o ABSOLUTE
    ../clib/angel/rt.s                       0x00000000   Number         0  rt_raise.o ABSOLUTE
    ../clib/angel/scatter.s                  0x00000000   Number         0  __scatter.o ABSOLUTE
    ../clib/angel/startup.s                  0x00000000   Number         0  __main.o ABSOLUTE
    ../clib/angel/sys.s                      0x00000000   Number         0  sys_stackheap_outer.o ABSOLUTE
    ../clib/angel/sys.s                      0x00000000   Number         0  libspace.o ABSOLUTE
    ../clib/angel/sys.s                      0x00000000   Number         0  indicate_semi.o ABSOLUTE
    ../clib/angel/sys.s                      0x00000000   Number         0  use_no_semi.o ABSOLUTE
    ../clib/angel/sysapp.c                   0x00000000   Number         0  sys_command.o ABSOLUTE
    ../clib/armsys.c                         0x00000000   Number         0  argv_veneer.o ABSOLUTE
    ../clib/armsys.c                         0x00000000   Number         0  argv_veneer.o ABSOLUTE
    ../clib/armsys.c                         0x00000000   Number         0  _get_argv_nomalloc.o ABSOLUTE
    ../clib/armsys.c                         0x00000000   Number         0  no_argv.o ABSOLUTE
    ../clib/heapalloc.c                      0x00000000   Number         0  hrguard.o ABSOLUTE
    ../clib/heapaux.c                        0x00000000   Number         0  heapauxi.o ABSOLUTE
    ../clib/libinit.s                        0x00000000   Number         0  libshutdown.o ABSOLUTE
    ../clib/libinit.s                        0x00000000   Number         0  libinit.o ABSOLUTE
    ../clib/libinit.s                        0x00000000   Number         0  libinit2.o ABSOLUTE
    ../clib/libinit.s                        0x00000000   Number         0  libshutdown2.o ABSOLUTE
    ../clib/printf.c                         0x00000000   Number         0  __printf_ss_wp.o ABSOLUTE
    ../clib/printf.c                         0x00000000   Number         0  _printf_intcommon.o ABSOLUTE
    ../clib/printf.c                         0x00000000   Number         0  __printf_flags_ss.o ABSOLUTE
    ../clib/printf.c                         0x00000000   Number         0  __printf_flags_ss_wp.o ABSOLUTE
    ../clib/printf.c                         0x00000000   Number         0  _printf_char_file.o ABSOLUTE
    ../clib/printf.c                         0x00000000   Number         0  __printf_flags.o ABSOLUTE
    ../clib/printf.c                         0x00000000   Number         0  __printf_wp.o ABSOLUTE
    ../clib/printf.c                         0x00000000   Number         0  __printf.o ABSOLUTE
    ../clib/printf.c                         0x00000000   Number         0  __printf_ss.o ABSOLUTE
    ../clib/printf.c                         0x00000000   Number         0  __printf_nopercent.o ABSOLUTE
    ../clib/printf.c                         0x00000000   Number         0  _printf_char_common.o ABSOLUTE
    ../clib/printf.c                         0x00000000   Number         0  __printf_flags_wp.o ABSOLUTE
    ../clib/printf.c                         0x00000000   Number         0  __2printf.o ABSOLUTE
    ../clib/printf.c                         0x00000000   Number         0  noretval__2printf.o ABSOLUTE
    ../clib/printf.c                         0x00000000   Number         0  _printf_dec.o ABSOLUTE
    ../clib/printf_percent.s                 0x00000000   Number         0  _printf_percent.o ABSOLUTE
    ../clib/printf_percent.s                 0x00000000   Number         0  _printf_d.o ABSOLUTE
    ../clib/printf_percent.s                 0x00000000   Number         0  _printf_percent_end.o ABSOLUTE
    ../clib/signal.c                         0x00000000   Number         0  defsig_rtmem_inner.o ABSOLUTE
    ../clib/signal.c                         0x00000000   Number         0  defsig_segv_inner.o ABSOLUTE
    ../clib/signal.c                         0x00000000   Number         0  defsig_rtred_inner.o ABSOLUTE
    ../clib/signal.c                         0x00000000   Number         0  defsig_stak_inner.o ABSOLUTE
    ../clib/signal.c                         0x00000000   Number         0  defsig_pvfn_inner.o ABSOLUTE
    ../clib/signal.c                         0x00000000   Number         0  defsig_cppl_inner.o ABSOLUTE
    ../clib/signal.c                         0x00000000   Number         0  defsig_rtmem_formal.o ABSOLUTE
    ../clib/signal.c                         0x00000000   Number         0  defsig_other.o ABSOLUTE
    ../clib/signal.c                         0x00000000   Number         0  defsig_exit.o ABSOLUTE
    ../clib/signal.c                         0x00000000   Number         0  defsig_general.o ABSOLUTE
    ../clib/signal.c                         0x00000000   Number         0  defsig_fpe_inner.o ABSOLUTE
    ../clib/signal.c                         0x00000000   Number         0  defsig_rtmem_outer.o ABSOLUTE
    ../clib/signal.c                         0x00000000   Number         0  __raise.o ABSOLUTE
    ../clib/signal.c                         0x00000000   Number         0  defsig_abrt_inner.o ABSOLUTE
    ../clib/signal.s                         0x00000000   Number         0  defsig.o ABSOLUTE
    ../clib/stdlib.c                         0x00000000   Number         0  exit.o ABSOLUTE
    ../fplib/fpinit.s                        0x00000000   Number         0  fpinit.o ABSOLUTE
    ..\Startup\RTX_Conf_CM.c                 0x00000000   Number         0  rtx_conf_cm.o ABSOLUTE
    ..\Startup\Retarget.c                    0x00000000   Number         0  retarget.o ABSOLUTE
    SRC\CM\HAL_CM3.c                         0x00000000   Number         0  hal_cm3.o ABSOLUTE
    SRC\CM\SVC_Table.s                       0x00000000   Number         0  SVC_Table.o ABSOLUTE
    SRC\CM\rt_Event.c                        0x00000000   Number         0  rt_event.o ABSOLUTE
    SRC\CM\rt_List.c                         0x00000000   Number         0  rt_list.o ABSOLUTE
    SRC\CM\rt_Mailbox.c                      0x00000000   Number         0  rt_mailbox.o ABSOLUTE
    SRC\CM\rt_MemBox.c                       0x00000000   Number         0  rt_membox.o ABSOLUTE
    SRC\CM\rt_Mutex.c                        0x00000000   Number         0  rt_mutex.o ABSOLUTE
    SRC\CM\rt_Robin.c                        0x00000000   Number         0  rt_robin.o ABSOLUTE
    SRC\CM\rt_Semaphore.c                    0x00000000   Number         0  rt_semaphore.o ABSOLUTE
    SRC\CM\rt_System.c                       0x00000000   Number         0  rt_system.o ABSOLUTE
    SRC\CM\rt_Task.c                         0x00000000   Number         0  rt_task.o ABSOLUTE
    SRC\CM\rt_Task_ext.c                     0x00000000   Number         0  rt_task_ext.o ABSOLUTE
    SRC\CM\rt_Time.c                         0x00000000   Number         0  rt_time.o ABSOLUTE
    SRC\CM\rt_Timer.c                        0x00000000   Number         0  rt_timer.o ABSOLUTE
    SRC\\CM\\HAL_CM3.c                       0x00000000   Number         0  hal_cm3.o ABSOLUTE
    SRC\\CM\\rt_System.c                     0x00000000   Number         0  rt_system.o ABSOLUTE
    dc.s                                     0x00000000   Number         0  dc.o ABSOLUTE
    src\\helloworld.c                        0x00000000   Number         0  helloworld.o ABSOLUTE
    src\\system_LPC17xx.c                    0x00000000   Number         0  system_lpc17xx.o ABSOLUTE
    src\\uart_polling.c                      0x00000000   Number         0  uart_polling.o ABSOLUTE
    src\helloworld.c                         0x00000000   Number         0  helloworld.o ABSOLUTE
    src\startup_LPC17xx.s                    0x00000000   Number         0  startup_lpc17xx.o ABSOLUTE
    src\system_LPC17xx.c                     0x00000000   Number         0  system_lpc17xx.o ABSOLUTE
    src\uart_polling.c                       0x00000000   Number         0  uart_polling.o ABSOLUTE
    .ARM.__at_0x02FC                         0x000002fc   Section        4  startup_lpc17xx.o(.ARM.__at_0x02FC)
    RESET                                    0x10000000   Section      204  startup_lpc17xx.o(RESET)
    !!!main                                  0x100000cc   Section        8  __main.o(!!!main)
    !!!scatter                               0x100000d4   Section       52  __scatter.o(!!!scatter)
    !!handler_copy                           0x10000108   Section       26  __scatter_copy.o(!!handler_copy)
    !!handler_zi                             0x10000124   Section       28  __scatter_zi.o(!!handler_zi)
    .ARM.Collect$$_printf_percent$$00000000  0x10000140   Section        0  _printf_percent.o(.ARM.Collect$$_printf_percent$$00000000)
    .ARM.Collect$$_printf_percent$$00000009  0x10000140   Section        6  _printf_d.o(.ARM.Collect$$_printf_percent$$00000009)
    .ARM.Collect$$_printf_percent$$00000017  0x10000146   Section        4  _printf_percent_end.o(.ARM.Collect$$_printf_percent$$00000017)
    .ARM.Collect$$libinit$$00000000          0x1000014a   Section        2  libinit.o(.ARM.Collect$$libinit$$00000000)
    .ARM.Collect$$libinit$$00000002          0x1000014c   Section        0  libinit2.o(.ARM.Collect$$libinit$$00000002)
    .ARM.Collect$$libinit$$00000008          0x1000014c   Section        0  libinit2.o(.ARM.Collect$$libinit$$00000008)
    .ARM.Collect$$libinit$$0000000A          0x1000014c   Section        0  libinit2.o(.ARM.Collect$$libinit$$0000000A)
    .ARM.Collect$$libinit$$0000000C          0x1000014c   Section        0  libinit2.o(.ARM.Collect$$libinit$$0000000C)
    .ARM.Collect$$libinit$$0000000F          0x1000014c   Section        0  libinit2.o(.ARM.Collect$$libinit$$0000000F)
    .ARM.Collect$$libinit$$00000011          0x1000014c   Section        0  libinit2.o(.ARM.Collect$$libinit$$00000011)
    .ARM.Collect$$libinit$$00000013          0x1000014c   Section        0  libinit2.o(.ARM.Collect$$libinit$$00000013)
    .ARM.Collect$$libinit$$00000015          0x1000014c   Section        0  libinit2.o(.ARM.Collect$$libinit$$00000015)
    .ARM.Collect$$libinit$$00000017          0x1000014c   Section        0  libinit2.o(.ARM.Collect$$libinit$$00000017)
    .ARM.Collect$$libinit$$00000019          0x1000014c   Section        0  libinit2.o(.ARM.Collect$$libinit$$00000019)
    .ARM.Collect$$libinit$$0000001B          0x1000014c   Section        0  libinit2.o(.ARM.Collect$$libinit$$0000001B)
    .ARM.Collect$$libinit$$0000001D          0x1000014c   Section        0  libinit2.o(.ARM.Collect$$libinit$$0000001D)
    .ARM.Collect$$libinit$$0000001F          0x1000014c   Section        0  libinit2.o(.ARM.Collect$$libinit$$0000001F)
    .ARM.Collect$$libinit$$00000021          0x1000014c   Section        0  libinit2.o(.ARM.Collect$$libinit$$00000021)
    .ARM.Collect$$libinit$$00000023          0x1000014c   Section        0  libinit2.o(.ARM.Collect$$libinit$$00000023)
    .ARM.Collect$$libinit$$0000002A          0x1000014c   Section        0  libinit2.o(.ARM.Collect$$libinit$$0000002A)
    .ARM.Collect$$libinit$$0000002C          0x1000014c   Section        0  libinit2.o(.ARM.Collect$$libinit$$0000002C)
    .ARM.Collect$$libinit$$0000002E          0x1000014c   Section        0  libinit2.o(.ARM.Collect$$libinit$$0000002E)
    .ARM.Collect$$libinit$$00000030          0x1000014c   Section        0  libinit2.o(.ARM.Collect$$libinit$$00000030)
    .ARM.Collect$$libinit$$00000031          0x1000014c   Section        2  libinit2.o(.ARM.Collect$$libinit$$00000031)
    .ARM.Collect$$libshutdown$$00000000      0x1000014e   Section        2  libshutdown.o(.ARM.Collect$$libshutdown$$00000000)
    .ARM.Collect$$libshutdown$$00000003      0x10000150   Section        0  libshutdown2.o(.ARM.Collect$$libshutdown$$00000003)
    .ARM.Collect$$libshutdown$$00000006      0x10000150   Section        0  libshutdown2.o(.ARM.Collect$$libshutdown$$00000006)
    .ARM.Collect$$libshutdown$$00000009      0x10000150   Section        0  libshutdown2.o(.ARM.Collect$$libshutdown$$00000009)
    .ARM.Collect$$libshutdown$$0000000B      0x10000150   Section        0  libshutdown2.o(.ARM.Collect$$libshutdown$$0000000B)
    .ARM.Collect$$libshutdown$$0000000E      0x10000150   Section        0  libshutdown2.o(.ARM.Collect$$libshutdown$$0000000E)
    .ARM.Collect$$libshutdown$$0000000F      0x10000150   Section        2  libshutdown2.o(.ARM.Collect$$libshutdown$$0000000F)
    .ARM.Collect$$rtentry$$00000000          0x10000152   Section        0  rtentry.o(.ARM.Collect$$rtentry$$00000000)
    .ARM.Collect$$rtentry$$00000002          0x10000152   Section        0  rtentry2.o(.ARM.Collect$$rtentry$$00000002)
    .ARM.Collect$$rtentry$$00000004          0x10000152   Section        6  rtentry4.o(.ARM.Collect$$rtentry$$00000004)
    .ARM.Collect$$rtentry$$00000009          0x10000158   Section        0  rtentry2.o(.ARM.Collect$$rtentry$$00000009)
    .ARM.Collect$$rtentry$$0000000A          0x10000158   Section        4  rtentry2.o(.ARM.Collect$$rtentry$$0000000A)
    .ARM.Collect$$rtentry$$0000000C          0x1000015c   Section        0  rtentry2.o(.ARM.Collect$$rtentry$$0000000C)
    .ARM.Collect$$rtentry$$0000000D          0x1000015c   Section        8  rtentry2.o(.ARM.Collect$$rtentry$$0000000D)
    .ARM.Collect$$rtexit$$00000000           0x10000164   Section        2  rtexit.o(.ARM.Collect$$rtexit$$00000000)
    .ARM.Collect$$rtexit$$00000002           0x10000166   Section        0  rtexit2.o(.ARM.Collect$$rtexit$$00000002)
    .ARM.Collect$$rtexit$$00000003           0x10000166   Section        4  rtexit2.o(.ARM.Collect$$rtexit$$00000003)
    .ARM.Collect$$rtexit$$00000004           0x1000016a   Section        6  rtexit2.o(.ARM.Collect$$rtexit$$00000004)
    .emb_text                                0x10000170   Section      340  hal_cm3.o(.emb_text)
    .text                                    0x100002c4   Section       52  startup_lpc17xx.o(.text)
    .text                                    0x100002f8   Section        0  system_lpc17xx.o(.text)
    .text                                    0x10000514   Section        0  uart_polling.o(.text)
    .text                                    0x100005f0   Section        0  retarget.o(.text)
    .text                                    0x10000648   Section        0  rtx_conf_cm.o(.text)
    __tagsym$$used                           0x10000693   Number         0  rtx_conf_cm.o(.text)
    __tagsym$$used                           0x100006ad   Number         0  rtx_conf_cm.o(.text)
    .text                                    0x100006dc   Section        0  helloworld.o(.text)
    .text                                    0x10000804   Section        8  libspace.o(.text)
    .text                                    0x1000080c   Section        2  use_no_semi.o(.text)
    .text                                    0x10000810   Section        0  noretval__2printf.o(.text)
    .text                                    0x10000828   Section        0  __printf.o(.text)
    .text                                    0x10000894   Section        0  _printf_dec.o(.text)
    .text                                    0x1000090c   Section        0  heapauxi.o(.text)
    .text                                    0x10000912   Section        0  _printf_intcommon.o(.text)
    .text                                    0x100009cc   Section        0  _printf_char_file.o(.text)
    .text                                    0x100009f0   Section        0  _printf_char_common.o(.text)
    _printf_input_char                       0x100009f1   Thumb Code    10  _printf_char_common.o(.text)
    .text                                    0x10000a20   Section       74  sys_stackheap_outer.o(.text)
    .text                                    0x10000a6a   Section        0  exit.o(.text)
    SVC_TABLE                                0x10000a78   Section        4  SVC_Table.o(SVC_TABLE)
    i._init_box                              0x10000a7c   Section        0  rt_membox.o(i._init_box)
    i.dbg_init                               0x10000ad4   Section        0  hal_cm3.o(i.dbg_init)
    i.dbg_task_notify                        0x10000b08   Section        0  hal_cm3.o(i.dbg_task_notify)
    i.dbg_task_switch                        0x10000b38   Section        0  hal_cm3.o(i.dbg_task_switch)
    i.os_tick_init                           0x10000b50   Section        0  rt_system.o(i.os_tick_init)
    i.os_tick_irqack                         0x10000b80   Section        0  rt_system.o(i.os_tick_irqack)
    i.rt_alloc_box                           0x10000b82   Section        0  rt_membox.o(i.rt_alloc_box)
    i.rt_block                               0x10000ba0   Section        0  rt_task.o(i.rt_block)
    i.rt_chk_robin                           0x10000bd8   Section        0  rt_robin.o(i.rt_chk_robin)
    i.rt_dec_dly                             0x10000c30   Section        0  rt_list.o(i.rt_dec_dly)
    i.rt_dispatch                            0x10000cc4   Section        0  rt_task.o(i.rt_dispatch)
    i.rt_dly_wait                            0x10000d14   Section        0  rt_time.o(i.rt_dly_wait)
    i.rt_evt_psh                             0x10000d24   Section        0  rt_event.o(i.rt_evt_psh)
    i.rt_free_box                            0x10000d7c   Section        0  rt_membox.o(i.rt_free_box)
    i.rt_get_TID                             0x10000da0   Section        0  rt_task.o(i.rt_get_TID)
    rt_get_TID                               0x10000da1   Thumb Code    32  rt_task.o(i.rt_get_TID)
    i.rt_get_first                           0x10000dc8   Section        0  rt_list.o(i.rt_get_first)
    i.rt_init_context                        0x10000dfc   Section        0  rt_task.o(i.rt_init_context)
    rt_init_context                          0x10000dfd   Thumb Code    66  rt_task.o(i.rt_init_context)
    i.rt_init_robin                          0x10000e44   Section        0  rt_robin.o(i.rt_init_robin)
    i.rt_init_stack                          0x10000e5c   Section        0  hal_cm3.o(i.rt_init_stack)
    i.rt_mbx_psh                             0x10000eb0   Section        0  rt_mailbox.o(i.rt_mbx_psh)
    i.rt_mut_init                            0x10000f84   Section        0  rt_mutex.o(i.rt_mut_init)
    i.rt_mut_release                         0x10000f98   Section        0  rt_mutex.o(i.rt_mut_release)
    i.rt_mut_wait                            0x10001070   Section        0  rt_mutex.o(i.rt_mut_wait)
    i.rt_pop_req                             0x100010f8   Section        0  rt_system.o(i.rt_pop_req)
    i.rt_put_dly                             0x1000119c   Section        0  rt_list.o(i.rt_put_dly)
    i.rt_put_prio                            0x100011f8   Section        0  rt_list.o(i.rt_put_prio)
    i.rt_put_rdy_first                       0x10001238   Section        0  rt_list.o(i.rt_put_rdy_first)
    i.rt_resort_prio                         0x1000124c   Section        0  rt_list.o(i.rt_resort_prio)
    i.rt_rmv_dly                             0x10001280   Section        0  rt_list.o(i.rt_rmv_dly)
    i.rt_rmv_list                            0x100012a8   Section        0  rt_list.o(i.rt_rmv_list)
    i.rt_sem_psh                             0x100012dc   Section        0  rt_semaphore.o(i.rt_sem_psh)
    i.rt_stk_check                           0x10001314   Section        0  rt_system.o(i.rt_stk_check)
    i.rt_switch_req                          0x10001344   Section        0  rt_task.o(i.rt_switch_req)
    i.rt_sys_init                            0x10001374   Section        0  rt_task.o(i.rt_sys_init)
    i.rt_systick                             0x100014fc   Section        0  rt_system.o(i.rt_systick)
    i.rt_tmr_tick                            0x10001540   Section        0  rt_timer.o(i.rt_tmr_tick)
    i.rt_tsk_count_get                       0x1000158c   Section        0  rt_task_ext.o(i.rt_tsk_count_get)
    i.rt_tsk_create                          0x100015b0   Section        0  rt_task.o(i.rt_tsk_create)
    i.rt_tsk_delete                          0x1000162c   Section        0  rt_task.o(i.rt_tsk_delete)
    i.rt_tsk_self                            0x10001710   Section        0  rt_task.o(i.rt_tsk_self)
    .constdata                               0x10001728   Section       40  rtx_conf_cm.o(.constdata)
    __tagsym$$used                           0x1000173c   Number         0  rtx_conf_cm.o(.constdata)
    __tagsym$$used                           0x10001740   Number         0  rtx_conf_cm.o(.constdata)
    .data                                    0x10004000   Section        4  system_lpc17xx.o(.data)
    .data                                    0x10004004   Section        8  retarget.o(.data)
    .data                                    0x1000400c   Section        8  rtx_conf_cm.o(.data)
    nr_mutex                                 0x10004010   Data           4  rtx_conf_cm.o(.data)
    .data                                    0x10004014   Section        8  rt_task.o(.data)
    .data                                    0x1000401c   Section        4  rt_time.o(.data)
    .data                                    0x10004020   Section        1  hal_cm3.o(.data)
    .data                                    0x10004024   Section        7  rt_system.o(.data)
    os_lock                                  0x10004028   Data           1  rt_system.o(.data)
    os_psh_flag                              0x10004029   Data           1  rt_system.o(.data)
    pend_flags                               0x1000402a   Data           1  rt_system.o(.data)
    .data                                    0x1000402c   Section        8  rt_robin.o(.data)
    .data                                    0x10004034   Section        8  rt_timer.o(.data)
    .bss                                     0x10004040   Section     4732  rtx_conf_cm.o(.bss)
    std_libspace                             0x1000501c   Data         576  rtx_conf_cm.o(.bss)
    std_libmutex                             0x1000525c   Data          96  rtx_conf_cm.o(.bss)
    .bss                                     0x100052bc   Section       48  rt_task.o(.bss)
    .bss                                     0x100052ec   Section       48  rt_list.o(.bss)
    .bss                                     0x1000531c   Section       96  libspace.o(.bss)
    HEAP                                     0x10005380   Section        0  startup_lpc17xx.o(HEAP)
    STACK                                    0x10005380   Section      512  startup_lpc17xx.o(STACK)
    Heap_Mem                                 0x10005380   Data           0  startup_lpc17xx.o(HEAP)
    Stack_Mem                                0x10005380   Data         512  startup_lpc17xx.o(STACK)
    __initial_sp                             0x10005580   Data           0  startup_lpc17xx.o(STACK)

    Global Symbols

    Symbol Name                              Value     Ov Type        Size  Object(Section)

    BuildAttributes$$THM_ISAv4$P$D$K$B$S$PE$A:L22UL41UL21$X:L11$S22US41US21$IEEE1$IW$USESV6$~STKCKD$USESV7$~SHL$OSPACE$ROPI$EBA8$UX$STANDARDLIB$REQ8$PRES8$EABIv2 0x00000000   Number         0  anon$$obj.o ABSOLUTE
    __ARM_use_no_argv                        0x00000000   Number         0  helloworld.o ABSOLUTE
    __ARM_exceptions_init                     - Undefined Weak Reference
    __alloca_initialize                       - Undefined Weak Reference
    __cpp_initialize__aeabi_                  - Undefined Weak Reference
    __cxa_finalize                            - Undefined Weak Reference
    __rt_locale                               - Undefined Weak Reference
    __sigvec_lookup                           - Undefined Weak Reference
    _atexit_init                              - Undefined Weak Reference
    _call_atexit_fns                          - Undefined Weak Reference
    _clock_init                               - Undefined Weak Reference
    _fp_trap_init                             - Undefined Weak Reference
    _fp_trap_shutdown                         - Undefined Weak Reference
    _get_lc_collate                           - Undefined Weak Reference
    _get_lc_ctype                             - Undefined Weak Reference
    _get_lc_monetary                          - Undefined Weak Reference
    _get_lc_numeric                           - Undefined Weak Reference
    _get_lc_time                              - Undefined Weak Reference
    _getenv_init                              - Undefined Weak Reference
    _handle_redirection                       - Undefined Weak Reference
    _init_alloc                               - Undefined Weak Reference
    _init_user_alloc                          - Undefined Weak Reference
    _initio                                   - Undefined Weak Reference
    _printf_post_padding                      - Undefined Weak Reference
    _printf_pre_padding                       - Undefined Weak Reference
    _printf_truncate_signed                   - Undefined Weak Reference
    _printf_truncate_unsigned                 - Undefined Weak Reference
    _rand_init                                - Undefined Weak Reference
    _signal_finish                            - Undefined Weak Reference
    _signal_init                              - Undefined Weak Reference
    _terminate_alloc                          - Undefined Weak Reference
    _terminate_user_alloc                     - Undefined Weak Reference
    _terminateio                              - Undefined Weak Reference
    __RL_RTX_VER                             0x00000460   Number         0  rt_system.o ABSOLUTE
    __Vectors                                0x10000000   Data           4  startup_lpc17xx.o(RESET)
    __main                                   0x100000cd   Thumb Code     8  __main.o(!!!main)
    __scatterload                            0x100000d5   Thumb Code     0  __scatter.o(!!!scatter)
    __scatterload_rt2                        0x100000d5   Thumb Code    44  __scatter.o(!!!scatter)
    __scatterload_rt2_thumb_only             0x100000d5   Thumb Code     0  __scatter.o(!!!scatter)
    __scatterload_null                       0x100000e3   Thumb Code     0  __scatter.o(!!!scatter)
    __scatterload_copy                       0x10000109   Thumb Code    26  __scatter_copy.o(!!handler_copy)
    __scatterload_zeroinit                   0x10000125   Thumb Code    28  __scatter_zi.o(!!handler_zi)
    _printf_d                                0x10000141   Thumb Code     0  _printf_d.o(.ARM.Collect$$_printf_percent$$00000009)
    _printf_percent                          0x10000141   Thumb Code     0  _printf_percent.o(.ARM.Collect$$_printf_percent$$00000000)
    _printf_percent_end                      0x10000147   Thumb Code     0  _printf_percent_end.o(.ARM.Collect$$_printf_percent$$00000017)
    __rt_lib_init                            0x1000014b   Thumb Code     0  libinit.o(.ARM.Collect$$libinit$$00000000)
    __rt_lib_init_alloca_1                   0x1000014d   Thumb Code     0  libinit2.o(.ARM.Collect$$libinit$$0000002C)
    __rt_lib_init_argv_1                     0x1000014d   Thumb Code     0  libinit2.o(.ARM.Collect$$libinit$$0000002A)
    __rt_lib_init_atexit_1                   0x1000014d   Thumb Code     0  libinit2.o(.ARM.Collect$$libinit$$00000019)
    __rt_lib_init_clock_1                    0x1000014d   Thumb Code     0  libinit2.o(.ARM.Collect$$libinit$$0000001F)
    __rt_lib_init_cpp_1                      0x1000014d   Thumb Code     0  libinit2.o(.ARM.Collect$$libinit$$00000030)
    __rt_lib_init_exceptions_1               0x1000014d   Thumb Code     0  libinit2.o(.ARM.Collect$$libinit$$0000002E)
    __rt_lib_init_fp_1                       0x1000014d   Thumb Code     0  libinit2.o(.ARM.Collect$$libinit$$00000002)
    __rt_lib_init_fp_trap_1                  0x1000014d   Thumb Code     0  libinit2.o(.ARM.Collect$$libinit$$0000001D)
    __rt_lib_init_getenv_1                   0x1000014d   Thumb Code     0  libinit2.o(.ARM.Collect$$libinit$$00000021)
    __rt_lib_init_heap_1                     0x1000014d   Thumb Code     0  libinit2.o(.ARM.Collect$$libinit$$00000008)
    __rt_lib_init_lc_collate_1               0x1000014d   Thumb Code     0  libinit2.o(.ARM.Collect$$libinit$$0000000F)
    __rt_lib_init_lc_ctype_1                 0x1000014d   Thumb Code     0  libinit2.o(.ARM.Collect$$libinit$$00000011)
    __rt_lib_init_lc_monetary_1              0x1000014d   Thumb Code     0  libinit2.o(.ARM.Collect$$libinit$$00000013)
    __rt_lib_init_lc_numeric_1               0x1000014d   Thumb Code     0  libinit2.o(.ARM.Collect$$libinit$$00000015)
    __rt_lib_init_lc_time_1                  0x1000014d   Thumb Code     0  libinit2.o(.ARM.Collect$$libinit$$00000017)
    __rt_lib_init_rand_1                     0x1000014d   Thumb Code     0  libinit2.o(.ARM.Collect$$libinit$$0000000C)
    __rt_lib_init_return                     0x1000014d   Thumb Code     0  libinit2.o(.ARM.Collect$$libinit$$00000031)
    __rt_lib_init_signal_1                   0x1000014d   Thumb Code     0  libinit2.o(.ARM.Collect$$libinit$$0000001B)
    __rt_lib_init_stdio_1                    0x1000014d   Thumb Code     0  libinit2.o(.ARM.Collect$$libinit$$00000023)
    __rt_lib_init_user_alloc_1               0x1000014d   Thumb Code     0  libinit2.o(.ARM.Collect$$libinit$$0000000A)
    __rt_lib_shutdown                        0x1000014f   Thumb Code     0  libshutdown.o(.ARM.Collect$$libshutdown$$00000000)
    __rt_lib_shutdown_fp_trap_1              0x10000151   Thumb Code     0  libshutdown2.o(.ARM.Collect$$libshutdown$$00000006)
    __rt_lib_shutdown_heap_1                 0x10000151   Thumb Code     0  libshutdown2.o(.ARM.Collect$$libshutdown$$0000000E)
    __rt_lib_shutdown_return                 0x10000151   Thumb Code     0  libshutdown2.o(.ARM.Collect$$libshutdown$$0000000F)
    __rt_lib_shutdown_signal_1               0x10000151   Thumb Code     0  libshutdown2.o(.ARM.Collect$$libshutdown$$00000009)
    __rt_lib_shutdown_stdio_1                0x10000151   Thumb Code     0  libshutdown2.o(.ARM.Collect$$libshutdown$$00000003)
    __rt_lib_shutdown_user_alloc_1           0x10000151   Thumb Code     0  libshutdown2.o(.ARM.Collect$$libshutdown$$0000000B)
    __rt_entry                               0x10000153   Thumb Code     0  rtentry.o(.ARM.Collect$$rtentry$$00000000)
    __rt_entry_presh_1                       0x10000153   Thumb Code     0  rtentry2.o(.ARM.Collect$$rtentry$$00000002)
    __rt_entry_sh                            0x10000153   Thumb Code     0  rtentry4.o(.ARM.Collect$$rtentry$$00000004)
    __rt_entry_li                            0x10000159   Thumb Code     0  rtentry2.o(.ARM.Collect$$rtentry$$0000000A)
    __rt_entry_postsh_1                      0x10000159   Thumb Code     0  rtentry2.o(.ARM.Collect$$rtentry$$00000009)
    __rt_entry_main                          0x1000015d   Thumb Code     0  rtentry2.o(.ARM.Collect$$rtentry$$0000000D)
    __rt_entry_postli_1                      0x1000015d   Thumb Code     0  rtentry2.o(.ARM.Collect$$rtentry$$0000000C)
    __rt_exit                                0x10000165   Thumb Code     0  rtexit.o(.ARM.Collect$$rtexit$$00000000)
    __rt_exit_ls                             0x10000167   Thumb Code     0  rtexit2.o(.ARM.Collect$$rtexit$$00000003)
    __rt_exit_prels_1                        0x10000167   Thumb Code     0  rtexit2.o(.ARM.Collect$$rtexit$$00000002)
    __rt_exit_exit                           0x1000016b   Thumb Code     0  rtexit2.o(.ARM.Collect$$rtexit$$00000004)
    rt_set_PSP                               0x10000171   Thumb Code     6  hal_cm3.o(.emb_text)
    rt_get_PSP                               0x10000177   Thumb Code     6  hal_cm3.o(.emb_text)
    os_set_env                               0x1000017d   Thumb Code    24  hal_cm3.o(.emb_text)
    _alloc_box                               0x10000199   Thumb Code    28  hal_cm3.o(.emb_text)
    _free_box                                0x100001b9   Thumb Code    28  hal_cm3.o(.emb_text)
    SVC_Handler                              0x100001d9   Thumb Code   124  hal_cm3.o(.emb_text)
    PendSV_Handler                           0x10000261   Thumb Code    76  hal_cm3.o(.emb_text)
    SysTick_Handler                          0x100002b1   Thumb Code     8  hal_cm3.o(.emb_text)
    OS_Tick_Handler                          0x100002b9   Thumb Code    12  hal_cm3.o(.emb_text)
    Reset_Handler                            0x100002c5   Thumb Code     4  startup_lpc17xx.o(.text)
    NMI_Handler                              0x100002c9   Thumb Code     2  startup_lpc17xx.o(.text)
    HardFault_Handler                        0x100002cb   Thumb Code     2  startup_lpc17xx.o(.text)
    MemManage_Handler                        0x100002cd   Thumb Code     2  startup_lpc17xx.o(.text)
    BusFault_Handler                         0x100002cf   Thumb Code     2  startup_lpc17xx.o(.text)
    UsageFault_Handler                       0x100002d1   Thumb Code     2  startup_lpc17xx.o(.text)
    DebugMon_Handler                         0x100002d5   Thumb Code     2  startup_lpc17xx.o(.text)
    ADC_IRQHandler                           0x100002db   Thumb Code     0  startup_lpc17xx.o(.text)
    BOD_IRQHandler                           0x100002db   Thumb Code     0  startup_lpc17xx.o(.text)
    CANActivity_IRQHandler                   0x100002db   Thumb Code     0  startup_lpc17xx.o(.text)
    CAN_IRQHandler                           0x100002db   Thumb Code     0  startup_lpc17xx.o(.text)
    DMA_IRQHandler                           0x100002db   Thumb Code     0  startup_lpc17xx.o(.text)
    EINT0_IRQHandler                         0x100002db   Thumb Code     0  startup_lpc17xx.o(.text)
    EINT1_IRQHandler                         0x100002db   Thumb Code     0  startup_lpc17xx.o(.text)
    EINT2_IRQHandler                         0x100002db   Thumb Code     0  startup_lpc17xx.o(.text)
    EINT3_IRQHandler                         0x100002db   Thumb Code     0  startup_lpc17xx.o(.text)
    ENET_IRQHandler                          0x100002db   Thumb Code     0  startup_lpc17xx.o(.text)
    I2C0_IRQHandler                          0x100002db   Thumb Code     0  startup_lpc17xx.o(.text)
    I2C1_IRQHandler                          0x100002db   Thumb Code     0  startup_lpc17xx.o(.text)
    I2C2_IRQHandler                          0x100002db   Thumb Code     0  startup_lpc17xx.o(.text)
    I2S_IRQHandler                           0x100002db   Thumb Code     0  startup_lpc17xx.o(.text)
    MCPWM_IRQHandler                         0x100002db   Thumb Code     0  startup_lpc17xx.o(.text)
    PLL0_IRQHandler                          0x100002db   Thumb Code     0  startup_lpc17xx.o(.text)
    PLL1_IRQHandler                          0x100002db   Thumb Code     0  startup_lpc17xx.o(.text)
    PWM1_IRQHandler                          0x100002db   Thumb Code     0  startup_lpc17xx.o(.text)
    QEI_IRQHandler                           0x100002db   Thumb Code     0  startup_lpc17xx.o(.text)
    RIT_IRQHandler                           0x100002db   Thumb Code     0  startup_lpc17xx.o(.text)
    RTC_IRQHandler                           0x100002db   Thumb Code     0  startup_lpc17xx.o(.text)
    SPI_IRQHandler                           0x100002db   Thumb Code     0  startup_lpc17xx.o(.text)
    SSP0_IRQHandler                          0x100002db   Thumb Code     0  startup_lpc17xx.o(.text)
    SSP1_IRQHandler                          0x100002db   Thumb Code     0  startup_lpc17xx.o(.text)
    TIMER0_IRQHandler                        0x100002db   Thumb Code     0  startup_lpc17xx.o(.text)
    TIMER1_IRQHandler                        0x100002db   Thumb Code     0  startup_lpc17xx.o(.text)
    TIMER2_IRQHandler                        0x100002db   Thumb Code     0  startup_lpc17xx.o(.text)
    TIMER3_IRQHandler                        0x100002db   Thumb Code     0  startup_lpc17xx.o(.text)
    UART0_IRQHandler                         0x100002db   Thumb Code     0  startup_lpc17xx.o(.text)
    UART1_IRQHandler                         0x100002db   Thumb Code     0  startup_lpc17xx.o(.text)
    UART2_IRQHandler                         0x100002db   Thumb Code     0  startup_lpc17xx.o(.text)
    UART3_IRQHandler                         0x100002db   Thumb Code     0  startup_lpc17xx.o(.text)
    USBActivity_IRQHandler                   0x100002db   Thumb Code     0  startup_lpc17xx.o(.text)
    USB_IRQHandler                           0x100002db   Thumb Code     0  startup_lpc17xx.o(.text)
    WDT_IRQHandler                           0x100002db   Thumb Code     0  startup_lpc17xx.o(.text)
    __user_initial_stackheap                 0x100002dd   Thumb Code     0  startup_lpc17xx.o(.text)
    SystemInit                               0x100002f9   Thumb Code   476  system_lpc17xx.o(.text)
    uart_init                                0x10000515   Thumb Code    94  uart_polling.o(.text)
    uart_get_char                            0x10000573   Thumb Code    36  uart_polling.o(.text)
    uart_put_char                            0x10000597   Thumb Code    38  uart_polling.o(.text)
    uart_put_string                          0x100005bd   Thumb Code    38  uart_polling.o(.text)
    sendchar                                 0x100005f1   Thumb Code    28  retarget.o(.text)
    getkey                                   0x1000060d   Thumb Code    10  retarget.o(.text)
    fputc                                    0x10000617   Thumb Code    14  retarget.o(.text)
    fgetc                                    0x10000625   Thumb Code    10  retarget.o(.text)
    ferror                                   0x1000062f   Thumb Code     8  retarget.o(.text)
    _ttywrch                                 0x10000637   Thumb Code    12  retarget.o(.text)
    _sys_exit                                0x10000643   Thumb Code     4  retarget.o(.text)
    os_idle_demon                            0x10000649   Thumb Code     4  rtx_conf_cm.o(.text)
    os_tmr_call                              0x1000064d   Thumb Code     2  rtx_conf_cm.o(.text)
    os_error                                 0x1000064f   Thumb Code     4  rtx_conf_cm.o(.text)
    __user_perthread_libspace                0x10000653   Thumb Code    26  rtx_conf_cm.o(.text)
    _mutex_initialize                        0x1000066d   Thumb Code    38  rtx_conf_cm.o(.text)
    _mutex_acquire                           0x10000693   Thumb Code    26  rtx_conf_cm.o(.text)
    _mutex_release                           0x100006ad   Thumb Code    22  rtx_conf_cm.o(.text)
    task1                                    0x100006dd   Thumb Code    26  helloworld.o(.text)
    task2                                    0x100006f7   Thumb Code    18  helloworld.o(.text)
    task3                                    0x10000709   Thumb Code    18  helloworld.o(.text)
    task4                                    0x1000071b   Thumb Code    18  helloworld.o(.text)
    task5                                    0x1000072d   Thumb Code    18  helloworld.o(.text)
    init                                     0x1000073f   Thumb Code    88  helloworld.o(.text)
    main                                     0x10000797   Thumb Code    34  helloworld.o(.text)
    __user_libspace                          0x10000805   Thumb Code     8  libspace.o(.text)
    __user_perproc_libspace                  0x10000805   Thumb Code     0  libspace.o(.text)
    __I$use$semihosting                      0x1000080d   Thumb Code     0  use_no_semi.o(.text)
    __use_no_semihosting_swi                 0x1000080d   Thumb Code     2  use_no_semi.o(.text)
    __2printf                                0x10000811   Thumb Code    20  noretval__2printf.o(.text)
    __printf                                 0x10000829   Thumb Code   106  __printf.o(.text)
    _printf_int_dec                          0x10000895   Thumb Code   102  _printf_dec.o(.text)
    __use_two_region_memory                  0x1000090d   Thumb Code     2  heapauxi.o(.text)
    __rt_heap_escrow$2region                 0x1000090f   Thumb Code     2  heapauxi.o(.text)
    __rt_heap_expand$2region                 0x10000911   Thumb Code     2  heapauxi.o(.text)
    _printf_int_common                       0x10000913   Thumb Code   184  _printf_intcommon.o(.text)
    _printf_char_file                        0x100009cd   Thumb Code    32  _printf_char_file.o(.text)
    _printf_char_common                      0x100009fb   Thumb Code    32  _printf_char_common.o(.text)
    __user_setup_stackheap                   0x10000a21   Thumb Code    74  sys_stackheap_outer.o(.text)
    exit                                     0x10000a6b   Thumb Code    12  exit.o(.text)
    SVC_Count                                0x10000a78   Data           4  SVC_Table.o(SVC_TABLE)
    SVC_Table                                0x10000a7c   Data           0  SVC_Table.o(SVC_TABLE)
    _init_box                                0x10000a7d   Thumb Code    88  rt_membox.o(i._init_box)
    dbg_init                                 0x10000ad5   Thumb Code    40  hal_cm3.o(i.dbg_init)
    dbg_task_notify                          0x10000b09   Thumb Code    44  hal_cm3.o(i.dbg_task_notify)
    dbg_task_switch                          0x10000b39   Thumb Code    18  hal_cm3.o(i.dbg_task_switch)
    os_tick_init                             0x10000b51   Thumb Code    38  rt_system.o(i.os_tick_init)
    os_tick_irqack                           0x10000b81   Thumb Code     2  rt_system.o(i.os_tick_irqack)
    rt_alloc_box                             0x10000b83   Thumb Code    30  rt_membox.o(i.rt_alloc_box)
    rt_block                                 0x10000ba1   Thumb Code    48  rt_task.o(i.rt_block)
    rt_chk_robin                             0x10000bd9   Thumb Code    76  rt_robin.o(i.rt_chk_robin)
    rt_dec_dly                               0x10000c31   Thumb Code   134  rt_list.o(i.rt_dec_dly)
    rt_dispatch                              0x10000cc5   Thumb Code    72  rt_task.o(i.rt_dispatch)
    rt_dly_wait                              0x10000d15   Thumb Code    14  rt_time.o(i.rt_dly_wait)
    rt_evt_psh                               0x10000d25   Thumb Code    84  rt_event.o(i.rt_evt_psh)
    rt_free_box                              0x10000d7d   Thumb Code    36  rt_membox.o(i.rt_free_box)
    rt_get_first                             0x10000dc9   Thumb Code    50  rt_list.o(i.rt_get_first)
    rt_init_robin                            0x10000e45   Thumb Code    14  rt_robin.o(i.rt_init_robin)
    rt_init_stack                            0x10000e5d   Thumb Code    76  hal_cm3.o(i.rt_init_stack)
    rt_mbx_psh                               0x10000eb1   Thumb Code   208  rt_mailbox.o(i.rt_mbx_psh)
    rt_mut_init                              0x10000f85   Thumb Code    18  rt_mutex.o(i.rt_mut_init)
    rt_mut_release                           0x10000f99   Thumb Code   208  rt_mutex.o(i.rt_mut_release)
    rt_mut_wait                              0x10001071   Thumb Code   132  rt_mutex.o(i.rt_mut_wait)
    rt_pop_req                               0x100010f9   Thumb Code   152  rt_system.o(i.rt_pop_req)
    rt_put_dly                               0x1000119d   Thumb Code    88  rt_list.o(i.rt_put_dly)
    rt_put_prio                              0x100011f9   Thumb Code    64  rt_list.o(i.rt_put_prio)
    rt_put_rdy_first                         0x10001239   Thumb Code    16  rt_list.o(i.rt_put_rdy_first)
    rt_resort_prio                           0x1000124d   Thumb Code    48  rt_list.o(i.rt_resort_prio)
    rt_rmv_dly                               0x10001281   Thumb Code    40  rt_list.o(i.rt_rmv_dly)
    rt_rmv_list                              0x100012a9   Thumb Code    48  rt_list.o(i.rt_rmv_list)
    rt_sem_psh                               0x100012dd   Thumb Code    50  rt_semaphore.o(i.rt_sem_psh)
    rt_stk_check                             0x10001315   Thumb Code    40  rt_system.o(i.rt_stk_check)
    rt_switch_req                            0x10001345   Thumb Code    38  rt_task.o(i.rt_switch_req)
    rt_sys_init                              0x10001375   Thumb Code   314  rt_task.o(i.rt_sys_init)
    rt_systick                               0x100014fd   Thumb Code    56  rt_system.o(i.rt_systick)
    rt_tmr_tick                              0x10001541   Thumb Code    66  rt_timer.o(i.rt_tmr_tick)
    rt_tsk_count_get                         0x1000158d   Thumb Code    28  rt_task_ext.o(i.rt_tsk_count_get)
    rt_tsk_create                            0x100015b1   Thumb Code   108  rt_task.o(i.rt_tsk_create)
    rt_tsk_delete                            0x1000162d   Thumb Code   202  rt_task.o(i.rt_tsk_delete)
    rt_tsk_self                              0x10001711   Thumb Code    18  rt_task.o(i.rt_tsk_self)
    os_maxtaskrun                            0x10001728   Data           2  rtx_conf_cm.o(.constdata)
    os_stackinfo                             0x1000172c   Data           4  rtx_conf_cm.o(.constdata)
    os_rrobin                                0x10001730   Data           4  rtx_conf_cm.o(.constdata)
    os_trv                                   0x10001734   Data           4  rtx_conf_cm.o(.constdata)
    os_flags                                 0x10001738   Data           1  rtx_conf_cm.o(.constdata)
    os_clockrate                             0x1000173c   Data           4  rtx_conf_cm.o(.constdata)
    os_timernum                              0x10001740   Data           4  rtx_conf_cm.o(.constdata)
    mp_tcb_size                              0x10001744   Data           2  rtx_conf_cm.o(.constdata)
    mp_stk_size                              0x10001748   Data           4  rtx_conf_cm.o(.constdata)
    os_fifo_size                             0x1000174c   Data           1  rtx_conf_cm.o(.constdata)
    mp_tmr_size                              0x1000174e   Data           2  rtx_conf_cm.o(.constdata)
    Region$$Table$$Base                      0x10001750   Number         0  anon$$obj.o(Region$$Table)
    Region$$Table$$Limit                     0x10001770   Number         0  anon$$obj.o(Region$$Table)
    SystemFrequency                          0x10004000   Data           4  system_lpc17xx.o(.data)
    __stdout                                 0x10004004   Data           4  retarget.o(.data)
    __stdin                                  0x10004008   Data           4  retarget.o(.data)
    m_tmr                                    0x1000400c   Data           4  rtx_conf_cm.o(.data)
    os_tsk                                   0x10004014   Data           8  rt_task.o(.data)
    os_time                                  0x1000401c   Data           4  rt_time.o(.data)
    dbg_msg                                  0x10004020   Data           1  hal_cm3.o(.data)
    os_tick_irqn                             0x10004024   Data           4  rt_system.o(.data)
    os_robin                                 0x1000402c   Data           8  rt_robin.o(.data)
    os_tmr                                   0x10004034   Data           8  rt_timer.o(.data)
    mp_tcb                                   0x10004040   Data         300  rtx_conf_cm.o(.bss)
    mp_stk                                   0x10004170   Data        3600  rtx_conf_cm.o(.bss)
    os_fifo                                  0x10004f80   Data         132  rtx_conf_cm.o(.bss)
    os_active_TCB                            0x10005004   Data          24  rtx_conf_cm.o(.bss)
    os_idle_TCB                              0x100052bc   Data          48  rt_task.o(.bss)
    os_rdy                                   0x100052ec   Data          24  rt_list.o(.bss)
    os_dly                                   0x10005304   Data          24  rt_list.o(.bss)
    __libspace_start                         0x1000531c   Data          96  libspace.o(.bss)
    __temporary_stack_top$libspace           0x1000537c   Data           0  libspace.o(.bss)



==============================================================================

Memory Map of the image

  Image Entry point : 0x100000cd

  Load Region LR_IROM1 (Base: 0x10000000, Size: 0x000017ac, Max: 0x00004000, ABSOLUTE)

    Execution Region ER_IROM1 (Base: 0x10000000, Size: 0x00001770, Max: 0x00004000, ABSOLUTE)

    Base Addr    Size         Type   Attr      Idx    E Section Name        Object

    0x10000000   0x000000cc   Data   RO            3    RESET               startup_lpc17xx.o
    0x100000cc   0x00000008   Code   RO          787  * !!!main             c_w.l(__main.o)
    0x100000d4   0x00000034   Code   RO          941    !!!scatter          c_w.l(__scatter.o)
    0x10000108   0x0000001a   Code   RO          943    !!handler_copy      c_w.l(__scatter_copy.o)
    0x10000122   0x00000002   PAD
    0x10000124   0x0000001c   Code   RO          945    !!handler_zi        c_w.l(__scatter_zi.o)
    0x10000140   0x00000000   Code   RO          784    .ARM.Collect$$_printf_percent$$00000000  c_w.l(_printf_percent.o)
    0x10000140   0x00000006   Code   RO          783    .ARM.Collect$$_printf_percent$$00000009  c_w.l(_printf_d.o)
    0x10000146   0x00000004   Code   RO          794    .ARM.Collect$$_printf_percent$$00000017  c_w.l(_printf_percent_end.o)
    0x1000014a   0x00000002   Code   RO          823    .ARM.Collect$$libinit$$00000000  c_w.l(libinit.o)
    0x1000014c   0x00000000   Code   RO          827    .ARM.Collect$$libinit$$00000002  c_w.l(libinit2.o)
    0x1000014c   0x00000000   Code   RO          830    .ARM.Collect$$libinit$$00000008  c_w.l(libinit2.o)
    0x1000014c   0x00000000   Code   RO          832    .ARM.Collect$$libinit$$0000000A  c_w.l(libinit2.o)
    0x1000014c   0x00000000   Code   RO          834    .ARM.Collect$$libinit$$0000000C  c_w.l(libinit2.o)
    0x1000014c   0x00000000   Code   RO          837    .ARM.Collect$$libinit$$0000000F  c_w.l(libinit2.o)
    0x1000014c   0x00000000   Code   RO          839    .ARM.Collect$$libinit$$00000011  c_w.l(libinit2.o)
    0x1000014c   0x00000000   Code   RO          841    .ARM.Collect$$libinit$$00000013  c_w.l(libinit2.o)
    0x1000014c   0x00000000   Code   RO          843    .ARM.Collect$$libinit$$00000015  c_w.l(libinit2.o)
    0x1000014c   0x00000000   Code   RO          845    .ARM.Collect$$libinit$$00000017  c_w.l(libinit2.o)
    0x1000014c   0x00000000   Code   RO          847    .ARM.Collect$$libinit$$00000019  c_w.l(libinit2.o)
    0x1000014c   0x00000000   Code   RO          849    .ARM.Collect$$libinit$$0000001B  c_w.l(libinit2.o)
    0x1000014c   0x00000000   Code   RO          851    .ARM.Collect$$libinit$$0000001D  c_w.l(libinit2.o)
    0x1000014c   0x00000000   Code   RO          853    .ARM.Collect$$libinit$$0000001F  c_w.l(libinit2.o)
    0x1000014c   0x00000000   Code   RO          855    .ARM.Collect$$libinit$$00000021  c_w.l(libinit2.o)
    0x1000014c   0x00000000   Code   RO          857    .ARM.Collect$$libinit$$00000023  c_w.l(libinit2.o)
    0x1000014c   0x00000000   Code   RO          861    .ARM.Collect$$libinit$$0000002A  c_w.l(libinit2.o)
    0x1000014c   0x00000000   Code   RO          863    .ARM.Collect$$libinit$$0000002C  c_w.l(libinit2.o)
    0x1000014c   0x00000000   Code   RO          865    .ARM.Collect$$libinit$$0000002E  c_w.l(libinit2.o)
    0x1000014c   0x00000000   Code   RO          867    .ARM.Collect$$libinit$$00000030  c_w.l(libinit2.o)
    0x1000014c   0x00000002   Code   RO          868    .ARM.Collect$$libinit$$00000031  c_w.l(libinit2.o)
    0x1000014e   0x00000002   Code   RO          886    .ARM.Collect$$libshutdown$$00000000  c_w.l(libshutdown.o)
    0x10000150   0x00000000   Code   RO          897    .ARM.Collect$$libshutdown$$00000003  c_w.l(libshutdown2.o)
    0x10000150   0x00000000   Code   RO          900    .ARM.Collect$$libshutdown$$00000006  c_w.l(libshutdown2.o)
    0x10000150   0x00000000   Code   RO          903    .ARM.Collect$$libshutdown$$00000009  c_w.l(libshutdown2.o)
    0x10000150   0x00000000   Code   RO          905    .ARM.Collect$$libshutdown$$0000000B  c_w.l(libshutdown2.o)
    0x10000150   0x00000000   Code   RO          908    .ARM.Collect$$libshutdown$$0000000E  c_w.l(libshutdown2.o)
    0x10000150   0x00000002   Code   RO          909    .ARM.Collect$$libshutdown$$0000000F  c_w.l(libshutdown2.o)
    0x10000152   0x00000000   Code   RO          789    .ARM.Collect$$rtentry$$00000000  c_w.l(rtentry.o)
    0x10000152   0x00000000   Code   RO          796    .ARM.Collect$$rtentry$$00000002  c_w.l(rtentry2.o)
    0x10000152   0x00000006   Code   RO          808    .ARM.Collect$$rtentry$$00000004  c_w.l(rtentry4.o)
    0x10000158   0x00000000   Code   RO          798    .ARM.Collect$$rtentry$$00000009  c_w.l(rtentry2.o)
    0x10000158   0x00000004   Code   RO          799    .ARM.Collect$$rtentry$$0000000A  c_w.l(rtentry2.o)
    0x1000015c   0x00000000   Code   RO          801    .ARM.Collect$$rtentry$$0000000C  c_w.l(rtentry2.o)
    0x1000015c   0x00000008   Code   RO          802    .ARM.Collect$$rtentry$$0000000D  c_w.l(rtentry2.o)
    0x10000164   0x00000002   Code   RO          824    .ARM.Collect$$rtexit$$00000000  c_w.l(rtexit.o)
    0x10000166   0x00000000   Code   RO          870    .ARM.Collect$$rtexit$$00000002  c_w.l(rtexit2.o)
    0x10000166   0x00000004   Code   RO          871    .ARM.Collect$$rtexit$$00000003  c_w.l(rtexit2.o)
    0x1000016a   0x00000006   Code   RO          872    .ARM.Collect$$rtexit$$00000004  c_w.l(rtexit2.o)
    0x10000170   0x00000154   Code   RO          337    .emb_text           RTX_CM3.lib(hal_cm3.o)
    0x100002c4   0x00000034   Code   RO            5    .text               startup_lpc17xx.o
    0x100002f8   0x0000021c   Code   RO           15    .text               system_lpc17xx.o
    0x10000514   0x000000dc   Code   RO           59    .text               uart_polling.o
    0x100005f0   0x00000056   Code   RO           80    .text               retarget.o
    0x10000646   0x00000002   PAD
    0x10000648   0x00000094   Code   RO          105    .text               rtx_conf_cm.o
    0x100006dc   0x00000128   Code   RO          131    .text               helloworld.o
    0x10000804   0x00000008   Code   RO          750    .text               c_w.l(libspace.o)
    0x1000080c   0x00000002   Code   RO          753    .text               c_w.l(use_no_semi.o)
    0x1000080e   0x00000002   PAD
    0x10000810   0x00000018   Code   RO          757    .text               c_w.l(noretval__2printf.o)
    0x10000828   0x0000006a   Code   RO          759    .text               c_w.l(__printf.o)
    0x10000892   0x00000002   PAD
    0x10000894   0x00000078   Code   RO          761    .text               c_w.l(_printf_dec.o)
    0x1000090c   0x00000006   Code   RO          785    .text               c_w.l(heapauxi.o)
    0x10000912   0x000000b8   Code   RO          790    .text               c_w.l(_printf_intcommon.o)
    0x100009ca   0x00000002   PAD
    0x100009cc   0x00000024   Code   RO          792    .text               c_w.l(_printf_char_file.o)
    0x100009f0   0x00000030   Code   RO          810    .text               c_w.l(_printf_char_common.o)
    0x10000a20   0x0000004a   Code   RO          812    .text               c_w.l(sys_stackheap_outer.o)
    0x10000a6a   0x0000000c   Code   RO          816    .text               c_w.l(exit.o)
    0x10000a76   0x00000002   PAD
    0x10000a78   0x00000004   Code   RO          592    SVC_TABLE           RTX_CM3.lib(SVC_Table.o)
    0x10000a7c   0x00000058   Code   RO          563    i._init_box         RTX_CM3.lib(rt_membox.o)
    0x10000ad4   0x00000034   Code   RO          338    i.dbg_init          RTX_CM3.lib(hal_cm3.o)
    0x10000b08   0x00000030   Code   RO          339    i.dbg_task_notify   RTX_CM3.lib(hal_cm3.o)
    0x10000b38   0x00000018   Code   RO          340    i.dbg_task_switch   RTX_CM3.lib(hal_cm3.o)
    0x10000b50   0x00000030   Code   RO          379    i.os_tick_init      RTX_CM3.lib(rt_system.o)
    0x10000b80   0x00000002   Code   RO          380    i.os_tick_irqack    RTX_CM3.lib(rt_system.o)
    0x10000b82   0x0000001e   Code   RO          564    i.rt_alloc_box      RTX_CM3.lib(rt_membox.o)
    0x10000ba0   0x00000038   Code   RO          156    i.rt_block          RTX_CM3.lib(rt_task.o)
    0x10000bd8   0x00000058   Code   RO          541    i.rt_chk_robin      RTX_CM3.lib(rt_robin.o)
    0x10000c30   0x00000094   Code   RO          462    i.rt_dec_dly        RTX_CM3.lib(rt_list.o)
    0x10000cc4   0x00000050   Code   RO          157    i.rt_dispatch       RTX_CM3.lib(rt_task.o)
    0x10000d14   0x0000000e   Code   RO          260    i.rt_dly_wait       RTX_CM3.lib(rt_time.o)
    0x10000d22   0x00000002   PAD
    0x10000d24   0x00000058   Code   RO          598    i.rt_evt_psh        RTX_CM3.lib(rt_event.o)
    0x10000d7c   0x00000024   Code   RO          565    i.rt_free_box       RTX_CM3.lib(rt_membox.o)
    0x10000da0   0x00000028   Code   RO          158    i.rt_get_TID        RTX_CM3.lib(rt_task.o)
    0x10000dc8   0x00000032   Code   RO          463    i.rt_get_first      RTX_CM3.lib(rt_list.o)
    0x10000dfa   0x00000002   PAD
    0x10000dfc   0x00000048   Code   RO          159    i.rt_init_context   RTX_CM3.lib(rt_task.o)
    0x10000e44   0x00000018   Code   RO          542    i.rt_init_robin     RTX_CM3.lib(rt_robin.o)
    0x10000e5c   0x00000054   Code   RO          341    i.rt_init_stack     RTX_CM3.lib(hal_cm3.o)
    0x10000eb0   0x000000d4   Code   RO          641    i.rt_mbx_psh        RTX_CM3.lib(rt_mailbox.o)
    0x10000f84   0x00000012   Code   RO          297    i.rt_mut_init       RTX_CM3.lib(rt_mutex.o)
    0x10000f96   0x00000002   PAD
    0x10000f98   0x000000d8   Code   RO          298    i.rt_mut_release    RTX_CM3.lib(rt_mutex.o)
    0x10001070   0x00000088   Code   RO          299    i.rt_mut_wait       RTX_CM3.lib(rt_mutex.o)
    0x100010f8   0x000000a4   Code   RO          381    i.rt_pop_req        RTX_CM3.lib(rt_system.o)
    0x1000119c   0x0000005c   Code   RO          466    i.rt_put_dly        RTX_CM3.lib(rt_list.o)
    0x100011f8   0x00000040   Code   RO          467    i.rt_put_prio       RTX_CM3.lib(rt_list.o)
    0x10001238   0x00000014   Code   RO          468    i.rt_put_rdy_first  RTX_CM3.lib(rt_list.o)
    0x1000124c   0x00000034   Code   RO          469    i.rt_resort_prio    RTX_CM3.lib(rt_list.o)
    0x10001280   0x00000028   Code   RO          470    i.rt_rmv_dly        RTX_CM3.lib(rt_list.o)
    0x100012a8   0x00000034   Code   RO          471    i.rt_rmv_list       RTX_CM3.lib(rt_list.o)
    0x100012dc   0x00000038   Code   RO          687    i.rt_sem_psh        RTX_CM3.lib(rt_semaphore.o)
    0x10001314   0x00000030   Code   RO          384    i.rt_stk_check      RTX_CM3.lib(rt_system.o)
    0x10001344   0x00000030   Code   RO          160    i.rt_switch_req     RTX_CM3.lib(rt_task.o)
    0x10001374   0x00000188   Code   RO          161    i.rt_sys_init       RTX_CM3.lib(rt_task.o)
    0x100014fc   0x00000044   Code   RO          386    i.rt_systick        RTX_CM3.lib(rt_system.o)
    0x10001540   0x0000004c   Code   RO          723    i.rt_tmr_tick       RTX_CM3.lib(rt_timer.o)
    0x1000158c   0x00000024   Code   RO          321    i.rt_tsk_count_get  RTX_CM3.lib(rt_task_ext.o)
    0x100015b0   0x0000007c   Code   RO          162    i.rt_tsk_create     RTX_CM3.lib(rt_task.o)
    0x1000162c   0x000000e4   Code   RO          163    i.rt_tsk_delete     RTX_CM3.lib(rt_task.o)
    0x10001710   0x00000018   Code   RO          166    i.rt_tsk_self       RTX_CM3.lib(rt_task.o)
    0x10001728   0x00000028   Data   RO          107    .constdata          rtx_conf_cm.o
    0x10001750   0x00000020   Data   RO          939    Region$$Table       anon$$obj.o


    Execution Region RW_IRAM1 (Base: 0x10004000, Size: 0x00001580, Max: 0x00004000, ABSOLUTE)

    Base Addr    Size         Type   Attr      Idx    E Section Name        Object

    0x10004000   0x00000004   Data   RW           16    .data               system_lpc17xx.o
    0x10004004   0x00000008   Data   RW           81    .data               retarget.o
    0x1000400c   0x00000008   Data   RW          108    .data               rtx_conf_cm.o
    0x10004014   0x00000008   Data   RW          168    .data               RTX_CM3.lib(rt_task.o)
    0x1000401c   0x00000004   Data   RW          264    .data               RTX_CM3.lib(rt_time.o)
    0x10004020   0x00000001   Data   RW          342    .data               RTX_CM3.lib(hal_cm3.o)
    0x10004021   0x00000003   PAD
    0x10004024   0x00000007   Data   RW          389    .data               RTX_CM3.lib(rt_system.o)
    0x1000402b   0x00000001   PAD
    0x1000402c   0x00000008   Data   RW          543    .data               RTX_CM3.lib(rt_robin.o)
    0x10004034   0x00000008   Data   RW          724    .data               RTX_CM3.lib(rt_timer.o)
    0x1000403c   0x00000004   PAD
    0x10004040   0x0000127c   Zero   RW          106    .bss                rtx_conf_cm.o
    0x100052bc   0x00000030   Zero   RW          167    .bss                RTX_CM3.lib(rt_task.o)
    0x100052ec   0x00000030   Zero   RW          472    .bss                RTX_CM3.lib(rt_list.o)
    0x1000531c   0x00000060   Zero   RW          751    .bss                c_w.l(libspace.o)
    0x1000537c   0x00000004   PAD
    0x10005380   0x00000000   Zero   RW            2    HEAP                startup_lpc17xx.o
    0x10005380   0x00000200   Zero   RW            1    STACK               startup_lpc17xx.o



  Load Region LR$$.ARM.__at_0x02FC (Base: 0x000002fc, Size: 0x00000004, Max: 0x00000004, ABSOLUTE)

    Execution Region ER$$.ARM.__at_0x02FC (Base: 0x000002fc, Size: 0x00000004, Max: 0x00000004, ABSOLUTE, UNINIT)

    Base Addr    Size         Type   Attr      Idx    E Section Name        Object

    0x000002fc   0x00000004   Code   RO            4    .ARM.__at_0x02FC    startup_lpc17xx.o


==============================================================================

Image component sizes


      Code (inc. data)   RO Data    RW Data    ZI Data      Debug   Object Name

       296         76          0          0          0        998   helloworld.o
        86          0          0          8          0       3034   retarget.o
       148         26         40          8       4732       9565   rtx_conf_cm.o
        56         22        204          0        512        876   startup_lpc17xx.o
       540         64          0          4          0      21535   system_lpc17xx.o
       220         14          0          0          0       1660   uart_polling.o

    ----------------------------------------------------------------------
      1348        202        276         20       5244      37668   Object Totals
         0          0         32          0          0          0   (incl. Generated)
         2          0          0          0          0          0   (incl. Padding)

    ----------------------------------------------------------------------

      Code (inc. data)   RO Data    RW Data    ZI Data      Debug   Library Member Name

         4          4          0          0          0        132   SVC_Table.o
       548         62          0          1          0       2561   hal_cm3.o
        88          4          0          0          0        541   rt_event.o
       518         30          0          0         48       4150   rt_list.o
       212          4          0          0          0        597   rt_mailbox.o
       154          0          0          0          0       1685   rt_membox.o
       370         12          0          0          0       1653   rt_mutex.o
       112         22          0          8          0        918   rt_robin.o
        56          6          0          0          0        469   rt_semaphore.o
       330         42          0          7          0       2898   rt_system.o
      1064        166          0          8         48       6888   rt_task.o
        36          8          0          0          0        427   rt_task_ext.o
        14          0          0          4          0        548   rt_time.o
        76         10          0          8          0        587   rt_timer.o
         8          0          0          0          0         68   __main.o
       106          0          0          0          0         84   __printf.o
        52          8          0          0          0          0   __scatter.o
        26          0          0          0          0          0   __scatter_copy.o
        28          0          0          0          0          0   __scatter_zi.o
        48          6          0          0          0         96   _printf_char_common.o
        36          4          0          0          0         80   _printf_char_file.o
         6          0          0          0          0          0   _printf_d.o
       120         18          0          0          0         92   _printf_dec.o
       184          0          0          0          0         88   _printf_intcommon.o
         0          0          0          0          0          0   _printf_percent.o
         4          0          0          0          0          0   _printf_percent_end.o
        12          0          0          0          0         72   exit.o
         6          0          0          0          0        152   heapauxi.o
         2          0          0          0          0          0   libinit.o
         2          0          0          0          0          0   libinit2.o
         2          0          0          0          0          0   libshutdown.o
         2          0          0          0          0          0   libshutdown2.o
         8          4          0          0         96         68   libspace.o
        24          4          0          0          0         84   noretval__2printf.o
         0          0          0          0          0          0   rtentry.o
        12          0          0          0          0          0   rtentry2.o
         6          0          0          0          0          0   rtentry4.o
         2          0          0          0          0          0   rtexit.o
        10          0          0          0          0          0   rtexit2.o
        74          0          0          0          0         80   sys_stackheap_outer.o
         2          0          0          0          0         68   use_no_semi.o

    ----------------------------------------------------------------------
      4380        414          0         40        200      25086   Library Totals
        16          0          0          4          8          0   (incl. Padding)

    ----------------------------------------------------------------------

      Code (inc. data)   RO Data    RW Data    ZI Data      Debug   Library Name

      3582        370          0         36         96      24054   RTX_CM3.lib
       782         44          0          0         96       1032   c_w.l

    ----------------------------------------------------------------------
      4380        414          0         40        200      25086   Library Totals

    ----------------------------------------------------------------------

==============================================================================


      Code (inc. data)   RO Data    RW Data    ZI Data      Debug   

      5728        616        276         60       5444      59738   Grand Totals
      5728        616        276         60       5444      59738   ELF Image Totals
      5728        616        276         60          0          0   ROM Totals

==============================================================================

    Total RO  Size (Code + RO Data)                 6004 (   5.86kB)
    Total RW  Size (RW Data + ZI Data)              5504 (   5.38kB)
    Total ROM Size (Code + RO Data + RW Data)       6064 (   5.92kB)

==============================================================================

